// Jest Snapshot v1, https://goo.gl/fbAQLP

exports[`PopularHashtags Component should match snapshot 1`] = `
<div>
  <div
    className="recomm user-hashtags"
  >
    <div
      className="recomm_top"
    >
      <span>
        Popular trends
      </span>
    </div>
    <div
      className="recomm_main"
    >
      <Link
        className="uh_link"
        to="/hashtag/travel"
      >
        #travel
      </Link>
      <Link
        className="uh_link"
        to="/hashtag/cool"
      >
        #cool
      </Link>
      <Link
        className="uh_link"
        to="/hashtag/hmm"
      >
        #hmm
      </Link>
    </div>
  </div>
</div>
`;

exports[`PopularHashtags Component should match snapshot with null when hashtags.length == 0 1`] = `<div />`;
