// Jest Snapshot v1, https://goo.gl/fbAQLP

exports[`Edit-Profile Component should match snapshot 1`] = `
<div>
  <div
    className="page_loading"
  >
    <div
      className="spinner"
    >
      <span />
      <span />
      <span />
    </div>
  </div>
  <div
    className="cLoading"
    style={
      Object {
        "animation": "bcCCNc 300ms ease 0s 1 normal none running",
        "backfaceVisibility": "visible",
      }
    }
  >
    <div
      className="edit_profile"
    >
      <div
        className="edit_info"
      >
        <img
          alt=""
          src="/users/24/avatar.jpg"
        />
        <span>
          @
          
        </span>
      </div>
      <div
        className="edit_main"
      >
        <div
          className="edit_un_div"
        >
          <span
            className="edit_span"
          >
            Username
          </span>
          <input
            autoComplete="false"
            disabled={false}
            maxLength="32"
            onChange={[Function]}
            placeholder="Username"
            spellCheck="false"
            type="text"
            value=""
          />
        </div>
        <div
          className="edit_un_div"
        >
          <span
            className="edit_span"
          >
            Firstname
          </span>
          <input
            autoComplete="false"
            disabled={false}
            maxLength="32"
            onChange={[Function]}
            placeholder="Firstname"
            spellCheck="false"
            type="text"
            value=""
          />
        </div>
        <div
          className="edit_un_div"
        >
          <span
            className="edit_span"
          >
            Surname
          </span>
          <input
            autoComplete="false"
            disabled={false}
            maxLength="32"
            onChange={[Function]}
            placeholder="Surname"
            spellCheck="false"
            type="text"
            value=""
          />
        </div>
        <div
          className="edit_un_div"
        >
          <span
            className="edit_span"
          >
            Email
          </span>
          <input
            autoComplete="false"
            disabled={false}
            maxLength="32"
            onChange={[Function]}
            placeholder="Email"
            spellCheck="false"
            type="email"
            value=""
          />
        </div>
        <div
          className="edit_bio_div"
        >
          <span
            className="edit_span"
          >
            Bio
          </span>
          <textarea
            className="edit_ta"
            maxLength="1000"
            onChange={[Function]}
            placeholder="Bio"
            spellCheck="false"
            value=""
          />
        </div>
        <div
          className="edit_update"
        >
          <span
            className="emoji_span"
            data-tip="Add emojis"
            onClick={[Function]}
          >
            <i
              className="material-icons"
            >
              sentiment_very_satisfied
            </i>
          </span>
          <div
            className="__react_component_tooltip place-top type-dark "
            data-id="tooltip"
          >
            
          </div>
          <a
            className="pri_btn edit_done"
            href="#"
            onClick={[Function]}
          >
            Update profile
          </a>
          <a
            className="sec_btn resend_vl"
            href="#"
            onClick={[Function]}
          >
            Resend verification link
          </a>
        </div>
      </div>
      <div
        className="edit_tags"
      >
        <div
          className="edit_sm_div"
        >
          <span
            className="edit_span"
          >
            Connections
          </span>
          <input
            autoComplete="false"
            disabled={false}
            maxLength="255"
            onChange={[Function]}
            placeholder="Instagram"
            spellCheck="false"
            type="text"
            value=""
          />
          <input
            autoComplete="false"
            disabled={false}
            maxLength="255"
            onChange={[Function]}
            placeholder="Github"
            spellCheck="false"
            type="text"
            value=""
          />
          <input
            autoComplete="false"
            disabled={false}
            maxLength="255"
            onChange={[Function]}
            placeholder="Twitter"
            spellCheck="false"
            type="text"
            value=""
          />
          <input
            autoComplete="false"
            disabled={false}
            maxLength="255"
            onChange={[Function]}
            placeholder="Facebook"
            spellCheck="false"
            type="text"
            value=""
          />
          <input
            autoComplete="false"
            disabled={false}
            maxLength="255"
            onChange={[Function]}
            placeholder="Website"
            spellCheck="false"
            type="text"
            value=""
          />
          <input
            autoComplete="false"
            disabled={false}
            maxLength="10"
            onChange={[Function]}
            placeholder="Phone"
            spellCheck="false"
            type="text"
            value=""
          />
        </div>
        <div
          className="edit_tags_info"
        >
          <span>
            Edit tags (click tags to remove)
          </span>
        </div>
        <div
          className="add_tag"
        >
          <input
            autoComplete="false"
            className="add_tag_text"
            disabled={false}
            maxLength="255"
            onChange={[Function]}
            placeholder="Add a tag"
            spellCheck="false"
            type="text"
            value=""
          />
          <a
            className="sec_btn"
            href="#"
            onClick={[Function]}
          >
            Add
          </a>
        </div>
        <div
          className="tags_all"
        />
      </div>
    </div>
  </div>
</div>
`;
