// Jest Snapshot v1, https://goo.gl/fbAQLP

exports[`BannerAddTagsLink Component should match snapshot and show add link 1`] = `
<a
  aria-current={false}
  className="add_tags"
  href="/edit-profile"
  onClick={[Function]}
>
  add
</a>
`;

exports[`BannerAddTagsLink Component should match snapshot with null 1`] = `null`;
