// Jest Snapshot v1, https://goo.gl/fbAQLP

exports[`MonSticky Component should match snapshot 1`] = `
<span
  className="recommend_time"
  style={
    Object {
      "display": "block",
    }
  }
>
  a month ago
</span>
`;

exports[`MonSticky Component should match snapshot with no content 1`] = `null`;
