// Jest Snapshot v1, https://goo.gl/fbAQLP

exports[`ChangeAdminList Component should match snapshot 1`] = `
<div
  className="modal_items"
>
  <div
    className="modal_it_img"
  >
    <img
      src="/users/34/avatar.jpg"
    />
  </div>
  <div
    className="modal_it_content "
  >
    <div
      className="modal_it_info"
    >
      <Link
        className="modal_it_username"
        to="/profile/ragnar"
      >
        ragnar
      </Link>
      <span
        className="modal_it_light"
      >
        Ragnar Lothbrok
      </span>
    </div>
    <div
      className="modal_ff"
    >
      <a
        className="pri_btn"
        href="#"
        onClick={[Function]}
      >
        Transfer
      </a>
    </div>
  </div>
  <hr />
</div>
`;
