// Jest Snapshot v1, https://goo.gl/fbAQLP

exports[`Suggested Component should match snapshot 1`] = `
<div>
  <div
    className="recomm"
  >
    <div
      className="recomm_top"
    >
      <span>
        Suggested
      </span>
      <a
        className="recomm_refresh"
        data-tip="refresh"
        href="#"
        onClick={[Function]}
      >
        <i
          className="fas fa-sync-alt"
        />
      </a>
      <Link
        className="recomm_all"
        data-tip="view all"
        to="/explore"
      >
        <i
          className="fas fa-chevron-right"
        />
      </Link>
    </div>
    <div
      className="recomm_main"
      style={
        Object {
          "height": 100,
        }
      }
    >
      <div
        className="spinner"
      >
        <span />
        <span />
        <span />
      </div>
      <div
        className="cLoading"
      >
        <div
          className="recomms"
        >
          <img
            alt=""
            src="/users/7/avatar.jpg"
          />
          <div
            className="recomms_cont"
          >
            <Link
              className="recomms_username"
              to="/profile/ghalib"
            >
              ghalib
            </Link>
            <span>
              1 mutual follower
            </span>
          </div>
          <div
            className="recomms_ff"
          >
            <a
              className="pri_btn follow"
              href="#"
              onClick={[Function]}
            >
              Follow
            </a>
          </div>
        </div>
        <div
          className="recomms"
        >
          <img
            alt=""
            src="/users/8/avatar.jpg"
          />
          <div
            className="recomms_cont"
          >
            <Link
              className="recomms_username"
              to="/profile/coldplay"
            >
              coldplay
            </Link>
            <span>
              cold play
            </span>
          </div>
          <div
            className="recomms_ff"
          >
            <a
              className="pri_btn follow"
              href="#"
              onClick={[Function]}
            >
              Follow
            </a>
          </div>
        </div>
      </div>
    </div>
  </div>
  <div
    className="__react_component_tooltip place-top type-dark "
    data-id="tooltip"
  >
    
  </div>
</div>
`;
