// Jest Snapshot v1, https://goo.gl/fbAQLP

exports[`ExploreNav Component should match snapshot 1`] = `
<ul>
  <li>
    <NavLink
      activeClassName="exp_nav_active"
      className="exp_nav_link"
      exact={true}
      to="/explore"
    >
      Users
    </NavLink>
  </li>
  <li>
    <NavLink
      activeClassName="exp_nav_active"
      className="exp_nav_link"
      to="/explore/explore-photos"
    >
      Photos
    </NavLink>
  </li>
  <li>
    <NavLink
      activeClassName="exp_nav_active"
      className="exp_nav_link"
      to="/explore/explore-groups"
    >
      Groups
    </NavLink>
  </li>
</ul>
`;
