// Jest Snapshot v1, https://goo.gl/fbAQLP

exports[`PostOptionsList Component should match snapshot 1`] = `
<div>
  <ul>
    <li>
      <Link
        to="/post/11"
      >
        Open
      </Link>
    </li>
    <li>
      <a
        className="edit_post"
        href="#"
        onClick={[Function]}
      >
        Edit post 
        
      </a>
    </li>
    <li>
      <a
        className="delete_post"
        href="#"
        onClick={[Function]}
      >
        Delete post 
      </a>
    </li>
    <li>
      <a
        className="p_copy_link"
        href="#"
        onClick={[Function]}
      >
        Copy link
      </a>
    </li>
  </ul>
</div>
`;
