// Jest Snapshot v1, https://goo.gl/fbAQLP

exports[`ChangePassword Component should match snapshot 1`] = `
<div>
  <div
    style={
      Object {
        "animation": "bcCCNc 300ms ease 0s 1 normal none running",
        "backfaceVisibility": "visible",
      }
    }
  >
    <div
      className="change_pass"
    >
      <div
        className="c_p_header"
      >
        <span>
          CHANGE PASSWORD
        </span>
      </div>
      <div
        className="c_p_main"
      >
        <div>
          <span>
            Current password
          </span>
          <input
            autoComplete="false"
            autoFocus={true}
            disabled={false}
            maxLength="255"
            onChange={[Function]}
            placeholder="Current password"
            spellCheck="false"
            type="password"
            value=""
          />
        </div>
        <div>
          <span>
            New password
          </span>
          <input
            autoComplete="false"
            autoFocus={false}
            disabled={false}
            maxLength="255"
            onChange={[Function]}
            placeholder="New password"
            spellCheck="false"
            type="password"
            value=""
          />
        </div>
        <div>
          <span>
            Confirm new password
          </span>
          <input
            autoComplete="false"
            autoFocus={false}
            disabled={false}
            maxLength="255"
            onChange={[Function]}
            placeholder="Confirm new password"
            spellCheck="false"
            type="password"
            value=""
          />
        </div>
        <a
          className="pri_btn c_p_btn"
          href="#"
          onClick={[Function]}
        >
          Change password
        </a>
      </div>
    </div>
  </div>
</div>
`;
