// Jest Snapshot v1, https://goo.gl/fbAQLP

exports[`PasswordSection Component should match snapshot 1`] = `
<div>
  <span>
    Current password
  </span>
  <input
    autoComplete="false"
    autoFocus={true}
    disabled={false}
    maxLength="255"
    onChange={[MockFunction]}
    placeholder="Current password"
    spellCheck="false"
    type="password"
    value="Some value"
  />
</div>
`;
