// Jest Snapshot v1, https://goo.gl/fbAQLP

exports[`GroupPosts Component should match snapshot 1`] = `
<div>
  <div
    style={
      Object {
        "animation": "bcCCNc 300ms ease 0s 1 normal none running",
        "backfaceVisibility": "visible",
      }
    }
  >
    <div
      className="senapati pro_senapati"
    >
      <div
        className="srajkumar"
      >
        <div
          className="grp_bio"
        >
          <div
            className="grp_bio_h"
          >
            <span>
              Group's bio
            </span>
          </div>
          <div
            className="grp_bio_main"
          >
            <span>
              <span>
                <Link
                  className="hashtag"
                  to="/hashtag/random"
                >
                  #random 
                </Link>
                group 
              </span>
            </span>
            <Link
              className="sec_btn grp_ns"
              to="/group/11/edit"
            >
              Not satisfied
            </Link>
          </div>
        </div>
        <div
          className="mutuals"
        >
          <div
            className="mutual_info"
          >
            <span>
              Newest members
            </span>
            <Link
              className="view_all_yk"
              data-tip="view all"
              to="/group/11/members"
            >
              <i
                className="fas fa-chevron-right"
              />
            </Link>
          </div>
          <div
            className="mutual_main"
          >
            <Link
              className="mutual_links"
              data-tip="ghalib"
              to="/profile/ghalib"
            >
              <img
                src="/users/7/avatar.jpg"
              />
            </Link>
          </div>
          <div
            className="__react_component_tooltip place-top type-dark "
            data-id="tooltip"
          >
            
          </div>
        </div>
        <div
          className="mutuals"
        >
          <div
            className="mutual_info"
          >
            <span>
              Members you know
            </span>
            <Link
              className="view_all_yk"
              data-tip="view all"
              to="/group/11/members"
            >
              <i
                className="fas fa-chevron-right"
              />
            </Link>
          </div>
          <div
            className="mutual_main"
          >
            <Link
              className="mutual_links"
              data-tip="ghalib"
              to="/profile/ghalib"
            >
              <img
                src="/users/7/avatar.jpg"
              />
            </Link>
          </div>
          <div
            className="__react_component_tooltip place-top type-dark "
            data-id="tooltip"
          >
            
          </div>
        </div>
        <div>
          <div
            className="recomm user-hashtags"
          >
            <div
              className="recomm_top"
            >
              <span>
                Group recent hashtags
              </span>
            </div>
            <div
              className="recomm_main"
            >
              <Link
                className="uh_link"
                to="/hashtag/travel"
              >
                #travel
              </Link>
              <Link
                className="uh_link"
                to="/hashtag/cool"
              >
                #cool
              </Link>
              <Link
                className="uh_link"
                to="/hashtag/hmm"
              >
                #hmm
              </Link>
            </div>
          </div>
        </div>
        <div>
          <div
            className="recomm_teaser"
          >
            <span>
              Create public or private group of your interest with people you know.
            </span>
            <a
              className="sec_btn"
              href="#"
              onClick={[Function]}
            >
              Create group
            </a>
          </div>
        </div>
        <div
          className="recomm_teaser"
        >
          <span>
            Explore more groups from all around Instagram.
          </span>
          <Link
            className="sec_btn"
            to="/explore/explore-groups"
          >
            Explore
          </Link>
        </div>
      </div>
      <div
        className="prajkumar"
      >
        <div
          style={
            Object {
              "animation": "bcCCNc 500ms ease 0s 1 normal none running",
              "backfaceVisibility": "visible",
            }
          }
        >
          <div
            className="posts"
          >
            <div>
              <div
                className="p_i"
              >
                <div
                  className="p_i_img"
                >
                  <img
                    src="/users/24/avatar.jpg"
                  />
                </div>
                <div
                  className="p_i_1"
                  style={
                    Object {
                      "top": "inherit",
                    }
                  }
                >
                  <Link
                    title="takkar"
                    to="/profile/takkar"
                  >
                    takkar
                  </Link>
                  <span
                    className="p_i_1_title"
                    title="A-301, 90 Feet Road, Dharavi, Mumbai, Maharashtra 400017, India"
                  >
                    A-301, 90 Feet Road, Dharavi, Mum..
                  </span>
                </div>
                <div>
                  <div
                    className="p_i_2"
                  >
                    <div
                      className="p_time"
                    >
                      <span>
                        a month ago
                      </span>
                    </div>
                    <div
                      className="p_h_opt"
                    >
                      <span
                        className="exp_p_menu"
                        onClick={[Function]}
                      >
                        <i
                          className="material-icons"
                        >
                          expand_more
                        </i>
                      </span>
                    </div>
                  </div>
                </div>
              </div>
            </div>
            <div>
              <div
                className="p_o"
              >
                <div
                  className="p_actual"
                  spellCheck="false"
                >
                  <div
                    className="p_abt"
                    style={
                      Object {
                        "marginBottom": "10px",
                      }
                    }
                  >
                    <p>
                      <span>
                        he 
                        <Link
                          className="hashtag"
                          to="/profile/nobita"
                        >
                          @nobita, 
                        </Link>
                        <Link
                          className="hashtag"
                          to="/profile/doraemon"
                        >
                          @doraemon 
                        </Link>
                        <Link
                          className="hashtag"
                          to="/hashtag/checkout"
                        >
                          #checkout, 
                        </Link>
                        <Link
                          className="hashtag"
                          to="/hashtag/dd"
                        >
                          #dd 
                        </Link>
                        <Link
                          className="hashtag"
                          to="/hashtag/fgf"
                        >
                          #fgf 
                        </Link>
                      </span>
                    </p>
                  </div>
                  <img
                    className="p_img filter-ashby"
                    onClick={[Function]}
                    src="/posts/instagram_1518972814710.jpg"
                  />
                  <div>
                    <div>
                      <span
                        className="p_tag_icon"
                        data-tip="1 tag"
                        onClick={[Function]}
                      >
                        <i
                          className="material-icons"
                        >
                          account_circle
                        </i>
                      </span>
                      <div
                        className="__react_component_tooltip place-top type-dark "
                        data-id="tooltip"
                      >
                        
                      </div>
                    </div>
                  </div>
                </div>
              </div>
            </div>
            <hr
              className="img_d_hr"
            />
            <div>
              <div
                className="p_a"
              >
                <div
                  className="p_do"
                >
                  <div
                    className="p_Like_wra"
                  >
                    <span
                      className="p_like p_like_icon"
                      data-tip="Like"
                      onClick={[Function]}
                    >
                      <i
                        className="material-icons"
                      >
                        favorite_border
                      </i>
                    </span>
                  </div>
                  <div
                    className="p_bmrk_wra"
                  >
                    <span
                      className="p_bookmark"
                      data-tip="Bookmark"
                      onClick={[Function]}
                    >
                      <i
                        className="material-icons"
                      >
                        bookmark_border
                      </i>
                    </span>
                  </div>
                  <div
                    className="p_send_wra"
                  >
                    <span
                      className="p_send"
                      data-tip="Share"
                      onClick={[Function]}
                    >
                      <i
                        className="material-icons"
                      >
                        send
                      </i>
                    </span>
                  </div>
                </div>
                <div
                  className="p_did"
                >
                  <span
                    className="p_likes likes"
                    onClick={[Function]}
                  >
                    3 likes
                  </span>
                  <span
                    className="p_comm"
                    onClick={[Function]}
                  >
                    3 shares
                  </span>
                </div>
              </div>
            </div>
            <hr />
            <div>
              <Link
                className="p_comments"
                to="/post/89"
              >
                2 comments
              </Link>
              <div
                className="p_cit"
              >
                <div
                  className="p_cit_img"
                >
                  <img
                    src="/users/24/avatar.jpg"
                  />
                </div>
                <div
                  className="p_cit_main"
                >
                  <div
                    className="p_cit_teaser"
                    onClick={[Function]}
                  >
                    <span>
                      Wanna comment?
                    </span>
                  </div>
                  <div
                    className="p_cit_tool"
                  >
                    <div>
                      <span
                        className="c_sticker"
                        data-tip="Add sticker"
                        onClick={[Function]}
                      >
                        <i
                          className="material-icons"
                        >
                          face
                        </i>
                      </span>
                      <div
                        className="__react_component_tooltip place-top type-dark "
                        data-id="tooltip"
                      >
                        
                      </div>
                    </div>
                    <div>
                      <form
                        className="p_comment_form"
                        encType="multipart/form-data"
                      >
                        <input
                          accept="image/*"
                          id="file_input"
                          onChange={[Function]}
                          type="file"
                          value=""
                        />
                        <label
                          className=""
                          htmlFor="file_input"
                        >
                          <div
                            data-tip="Attach a file"
                          >
                            <i
                              className="material-icons"
                            >
                              attach_file
                            </i>
                          </div>
                        </label>
                      </form>
                    </div>
                  </div>
                </div>
              </div>
              <div />
            </div>
          </div>
          <div
            className="posts"
          >
            <div>
              <div
                className="p_i"
              >
                <div
                  className="p_i_img"
                >
                  <img
                    src="/users/24/avatar.jpg"
                  />
                </div>
                <div
                  className="p_i_1"
                  style={
                    Object {
                      "top": "inherit",
                    }
                  }
                >
                  <Link
                    title="takkar"
                    to="/profile/takkar"
                  >
                    takkar
                  </Link>
                  <span
                    className="p_i_1_title"
                    title={null}
                  >
                    iam_ takkar
                  </span>
                </div>
                <div>
                  <div
                    className="p_i_2"
                  >
                    <div
                      className="p_time"
                    >
                      <span>
                        a month ago
                      </span>
                    </div>
                    <div
                      className="p_h_opt"
                    >
                      <span
                        className="exp_p_menu"
                        onClick={[Function]}
                      >
                        <i
                          className="material-icons"
                        >
                          expand_more
                        </i>
                      </span>
                    </div>
                  </div>
                </div>
              </div>
            </div>
            <div>
              <div
                className="p_o"
              >
                <div
                  className="p_actual"
                  spellCheck="false"
                >
                  <div
                    className="p_abt"
                    style={
                      Object {
                        "marginBottom": "10px",
                      }
                    }
                  >
                    <p>
                      <span>
                        Hello 
                        <Link
                          className="hashtag"
                          to="/profile/ghalib"
                        >
                          @ghalib 
                        </Link>
                        <Link
                          className="hashtag"
                          to="/profile/takkar"
                        >
                          @takkar 
                        </Link>
                        <Link
                          className="hashtag"
                          to="/hashtag/checkout"
                        >
                          #checkout 
                        </Link>
                      </span>
                    </p>
                  </div>
                  <img
                    className="p_img filter-normal"
                    onClick={[Function]}
                    src="/posts/instagram_1518945386167.jpg"
                  />
                  <div />
                </div>
              </div>
            </div>
            <hr
              className="img_d_hr"
            />
            <div>
              <div
                className="p_a"
              >
                <div
                  className="p_do"
                >
                  <div
                    className="p_Like_wra"
                  >
                    <span
                      className="p_like p_like_icon"
                      data-tip="Like"
                      onClick={[Function]}
                    >
                      <i
                        className="material-icons"
                      >
                        favorite_border
                      </i>
                    </span>
                  </div>
                  <div
                    className="p_bmrk_wra"
                  >
                    <span
                      className="p_bookmark"
                      data-tip="Bookmark"
                      onClick={[Function]}
                    >
                      <i
                        className="material-icons"
                      >
                        bookmark_border
                      </i>
                    </span>
                  </div>
                  <div
                    className="p_send_wra"
                  >
                    <span
                      className="p_send"
                      data-tip="Share"
                      onClick={[Function]}
                    >
                      <i
                        className="material-icons"
                      >
                        send
                      </i>
                    </span>
                  </div>
                </div>
                <div
                  className="p_did"
                >
                  <span
                    className="p_likes likes"
                    onClick={[Function]}
                  >
                    No likes
                  </span>
                  <span
                    className="p_comm"
                    onClick={[Function]}
                  >
                    1 share
                  </span>
                </div>
              </div>
            </div>
            <hr />
            <div>
              <Link
                className="p_comments"
                to="/post/88"
              >
                3 comments
              </Link>
              <div
                className="p_cit"
              >
                <div
                  className="p_cit_img"
                >
                  <img
                    src="/users/24/avatar.jpg"
                  />
                </div>
                <div
                  className="p_cit_main"
                >
                  <div
                    className="p_cit_teaser"
                    onClick={[Function]}
                  >
                    <span>
                      Wanna comment?
                    </span>
                  </div>
                  <div
                    className="p_cit_tool"
                  >
                    <div>
                      <span
                        className="c_sticker"
                        data-tip="Add sticker"
                        onClick={[Function]}
                      >
                        <i
                          className="material-icons"
                        >
                          face
                        </i>
                      </span>
                      <div
                        className="__react_component_tooltip place-top type-dark "
                        data-id="tooltip"
                      >
                        
                      </div>
                    </div>
                    <div>
                      <form
                        className="p_comment_form"
                        encType="multipart/form-data"
                      >
                        <input
                          accept="image/*"
                          id="file_input"
                          onChange={[Function]}
                          type="file"
                          value=""
                        />
                        <label
                          className=""
                          htmlFor="file_input"
                        >
                          <div
                            data-tip="Attach a file"
                          >
                            <i
                              className="material-icons"
                            >
                              attach_file
                            </i>
                          </div>
                        </label>
                      </form>
                    </div>
                  </div>
                </div>
              </div>
              <div />
            </div>
          </div>
        </div>
      </div>
    </div>
    <div
      className="page_end"
      onClick={[Function]}
    >
      <span>
        Looks like you've reached the end
      </span>
    </div>
  </div>
</div>
`;

exports[`GroupPosts Component should match snapshot and hide postItTeaser when joined == false 1`] = `
<div>
  <div
    style={
      Object {
        "animation": "bcCCNc 300ms ease 0s 1 normal none running",
        "backfaceVisibility": "visible",
      }
    }
  >
    <div
      className="senapati pro_senapati"
    >
      <div
        className="srajkumar"
      >
        <div
          className="grp_bio"
        >
          <div
            className="grp_bio_h"
          >
            <span>
              Group's bio
            </span>
          </div>
          <div
            className="grp_bio_main"
          >
            <span>
              <span>
                <Link
                  className="hashtag"
                  to="/hashtag/random"
                >
                  #random 
                </Link>
                group 
              </span>
            </span>
            <Link
              className="sec_btn grp_ns"
              to="/group/11/edit"
            >
              Not satisfied
            </Link>
          </div>
        </div>
        <div
          className="mutuals"
        >
          <div
            className="mutual_info"
          >
            <span>
              Newest members
            </span>
            <Link
              className="view_all_yk"
              data-tip="view all"
              to="/group/11/members"
            >
              <i
                className="fas fa-chevron-right"
              />
            </Link>
          </div>
          <div
            className="mutual_main"
          >
            <Link
              className="mutual_links"
              data-tip="ghalib"
              to="/profile/ghalib"
            >
              <img
                src="/users/7/avatar.jpg"
              />
            </Link>
          </div>
          <div
            className="__react_component_tooltip place-top type-dark "
            data-id="tooltip"
          >
            
          </div>
        </div>
        <div
          className="mutuals"
        >
          <div
            className="mutual_info"
          >
            <span>
              Members you know
            </span>
            <Link
              className="view_all_yk"
              data-tip="view all"
              to="/group/11/members"
            >
              <i
                className="fas fa-chevron-right"
              />
            </Link>
          </div>
          <div
            className="mutual_main"
          >
            <Link
              className="mutual_links"
              data-tip="ghalib"
              to="/profile/ghalib"
            >
              <img
                src="/users/7/avatar.jpg"
              />
            </Link>
          </div>
          <div
            className="__react_component_tooltip place-top type-dark "
            data-id="tooltip"
          >
            
          </div>
        </div>
        <div>
          <div
            className="recomm user-hashtags"
          >
            <div
              className="recomm_top"
            >
              <span>
                Group recent hashtags
              </span>
            </div>
            <div
              className="recomm_main"
            >
              <Link
                className="uh_link"
                to="/hashtag/travel"
              >
                #travel
              </Link>
              <Link
                className="uh_link"
                to="/hashtag/cool"
              >
                #cool
              </Link>
              <Link
                className="uh_link"
                to="/hashtag/hmm"
              >
                #hmm
              </Link>
            </div>
          </div>
        </div>
        <div>
          <div
            className="recomm_teaser"
          >
            <span>
              Create public or private group of your interest with people you know.
            </span>
            <a
              className="sec_btn"
              href="#"
              onClick={[Function]}
            >
              Create group
            </a>
          </div>
        </div>
        <div
          className="recomm_teaser"
        >
          <span>
            Explore more groups from all around Instagram.
          </span>
          <Link
            className="sec_btn"
            to="/explore/explore-groups"
          >
            Explore
          </Link>
        </div>
      </div>
      <div
        className="prajkumar"
      >
        <div
          style={
            Object {
              "animation": "bcCCNc 500ms ease 0s 1 normal none running",
              "backfaceVisibility": "visible",
            }
          }
        >
          <div
            className="posts"
          >
            <div>
              <div
                className="p_i"
              >
                <div
                  className="p_i_img"
                >
                  <img
                    src="/users/24/avatar.jpg"
                  />
                </div>
                <div
                  className="p_i_1"
                  style={
                    Object {
                      "top": "inherit",
                    }
                  }
                >
                  <Link
                    title="takkar"
                    to="/profile/takkar"
                  >
                    takkar
                  </Link>
                  <span
                    className="p_i_1_title"
                    title="A-301, 90 Feet Road, Dharavi, Mumbai, Maharashtra 400017, India"
                  >
                    A-301, 90 Feet Road, Dharavi, Mum..
                  </span>
                </div>
                <div>
                  <div
                    className="p_i_2"
                  >
                    <div
                      className="p_time"
                    >
                      <span>
                        a month ago
                      </span>
                    </div>
                    <div
                      className="p_h_opt"
                    >
                      <span
                        className="exp_p_menu"
                        onClick={[Function]}
                      >
                        <i
                          className="material-icons"
                        >
                          expand_more
                        </i>
                      </span>
                    </div>
                  </div>
                </div>
              </div>
            </div>
            <div>
              <div
                className="p_o"
              >
                <div
                  className="p_actual"
                  spellCheck="false"
                >
                  <div
                    className="p_abt"
                    style={
                      Object {
                        "marginBottom": "10px",
                      }
                    }
                  >
                    <p>
                      <span>
                        he 
                        <Link
                          className="hashtag"
                          to="/profile/nobita"
                        >
                          @nobita, 
                        </Link>
                        <Link
                          className="hashtag"
                          to="/profile/doraemon"
                        >
                          @doraemon 
                        </Link>
                        <Link
                          className="hashtag"
                          to="/hashtag/checkout"
                        >
                          #checkout, 
                        </Link>
                        <Link
                          className="hashtag"
                          to="/hashtag/dd"
                        >
                          #dd 
                        </Link>
                        <Link
                          className="hashtag"
                          to="/hashtag/fgf"
                        >
                          #fgf 
                        </Link>
                      </span>
                    </p>
                  </div>
                  <img
                    className="p_img filter-ashby"
                    onClick={[Function]}
                    src="/posts/instagram_1518972814710.jpg"
                  />
                  <div>
                    <div>
                      <span
                        className="p_tag_icon"
                        data-tip="1 tag"
                        onClick={[Function]}
                      >
                        <i
                          className="material-icons"
                        >
                          account_circle
                        </i>
                      </span>
                      <div
                        className="__react_component_tooltip place-top type-dark "
                        data-id="tooltip"
                      >
                        
                      </div>
                    </div>
                  </div>
                </div>
              </div>
            </div>
            <hr
              className="img_d_hr"
            />
            <div>
              <div
                className="p_a"
              >
                <div
                  className="p_do"
                >
                  <div
                    className="p_Like_wra"
                  >
                    <span
                      className="p_like p_like_icon"
                      data-tip="Like"
                      onClick={[Function]}
                    >
                      <i
                        className="material-icons"
                      >
                        favorite_border
                      </i>
                    </span>
                  </div>
                  <div
                    className="p_bmrk_wra"
                  >
                    <span
                      className="p_bookmark"
                      data-tip="Bookmark"
                      onClick={[Function]}
                    >
                      <i
                        className="material-icons"
                      >
                        bookmark_border
                      </i>
                    </span>
                  </div>
                  <div
                    className="p_send_wra"
                  >
                    <span
                      className="p_send"
                      data-tip="Share"
                      onClick={[Function]}
                    >
                      <i
                        className="material-icons"
                      >
                        send
                      </i>
                    </span>
                  </div>
                </div>
                <div
                  className="p_did"
                >
                  <span
                    className="p_likes likes"
                    onClick={[Function]}
                  >
                    3 likes
                  </span>
                  <span
                    className="p_comm"
                    onClick={[Function]}
                  >
                    3 shares
                  </span>
                </div>
              </div>
            </div>
            <hr />
            <div>
              <Link
                className="p_comments"
                to="/post/89"
              >
                2 comments
              </Link>
              <div
                className="p_cit"
              >
                <div
                  className="p_cit_img"
                >
                  <img
                    src="/users/24/avatar.jpg"
                  />
                </div>
                <div
                  className="p_cit_main"
                >
                  <div
                    className="p_cit_teaser"
                    onClick={[Function]}
                  >
                    <span>
                      Wanna comment?
                    </span>
                  </div>
                  <div
                    className="p_cit_tool"
                  >
                    <div>
                      <span
                        className="c_sticker"
                        data-tip="Add sticker"
                        onClick={[Function]}
                      >
                        <i
                          className="material-icons"
                        >
                          face
                        </i>
                      </span>
                      <div
                        className="__react_component_tooltip place-top type-dark "
                        data-id="tooltip"
                      >
                        
                      </div>
                    </div>
                    <div>
                      <form
                        className="p_comment_form"
                        encType="multipart/form-data"
                      >
                        <input
                          accept="image/*"
                          id="file_input"
                          onChange={[Function]}
                          type="file"
                          value=""
                        />
                        <label
                          className=""
                          htmlFor="file_input"
                        >
                          <div
                            data-tip="Attach a file"
                          >
                            <i
                              className="material-icons"
                            >
                              attach_file
                            </i>
                          </div>
                        </label>
                      </form>
                    </div>
                  </div>
                </div>
              </div>
              <div />
            </div>
          </div>
          <div
            className="posts"
          >
            <div>
              <div
                className="p_i"
              >
                <div
                  className="p_i_img"
                >
                  <img
                    src="/users/24/avatar.jpg"
                  />
                </div>
                <div
                  className="p_i_1"
                  style={
                    Object {
                      "top": "inherit",
                    }
                  }
                >
                  <Link
                    title="takkar"
                    to="/profile/takkar"
                  >
                    takkar
                  </Link>
                  <span
                    className="p_i_1_title"
                    title={null}
                  >
                    iam_ takkar
                  </span>
                </div>
                <div>
                  <div
                    className="p_i_2"
                  >
                    <div
                      className="p_time"
                    >
                      <span>
                        a month ago
                      </span>
                    </div>
                    <div
                      className="p_h_opt"
                    >
                      <span
                        className="exp_p_menu"
                        onClick={[Function]}
                      >
                        <i
                          className="material-icons"
                        >
                          expand_more
                        </i>
                      </span>
                    </div>
                  </div>
                </div>
              </div>
            </div>
            <div>
              <div
                className="p_o"
              >
                <div
                  className="p_actual"
                  spellCheck="false"
                >
                  <div
                    className="p_abt"
                    style={
                      Object {
                        "marginBottom": "10px",
                      }
                    }
                  >
                    <p>
                      <span>
                        Hello 
                        <Link
                          className="hashtag"
                          to="/profile/ghalib"
                        >
                          @ghalib 
                        </Link>
                        <Link
                          className="hashtag"
                          to="/profile/takkar"
                        >
                          @takkar 
                        </Link>
                        <Link
                          className="hashtag"
                          to="/hashtag/checkout"
                        >
                          #checkout 
                        </Link>
                      </span>
                    </p>
                  </div>
                  <img
                    className="p_img filter-normal"
                    onClick={[Function]}
                    src="/posts/instagram_1518945386167.jpg"
                  />
                  <div />
                </div>
              </div>
            </div>
            <hr
              className="img_d_hr"
            />
            <div>
              <div
                className="p_a"
              >
                <div
                  className="p_do"
                >
                  <div
                    className="p_Like_wra"
                  >
                    <span
                      className="p_like p_like_icon"
                      data-tip="Like"
                      onClick={[Function]}
                    >
                      <i
                        className="material-icons"
                      >
                        favorite_border
                      </i>
                    </span>
                  </div>
                  <div
                    className="p_bmrk_wra"
                  >
                    <span
                      className="p_bookmark"
                      data-tip="Bookmark"
                      onClick={[Function]}
                    >
                      <i
                        className="material-icons"
                      >
                        bookmark_border
                      </i>
                    </span>
                  </div>
                  <div
                    className="p_send_wra"
                  >
                    <span
                      className="p_send"
                      data-tip="Share"
                      onClick={[Function]}
                    >
                      <i
                        className="material-icons"
                      >
                        send
                      </i>
                    </span>
                  </div>
                </div>
                <div
                  className="p_did"
                >
                  <span
                    className="p_likes likes"
                    onClick={[Function]}
                  >
                    No likes
                  </span>
                  <span
                    className="p_comm"
                    onClick={[Function]}
                  >
                    1 share
                  </span>
                </div>
              </div>
            </div>
            <hr />
            <div>
              <Link
                className="p_comments"
                to="/post/88"
              >
                3 comments
              </Link>
              <div
                className="p_cit"
              >
                <div
                  className="p_cit_img"
                >
                  <img
                    src="/users/24/avatar.jpg"
                  />
                </div>
                <div
                  className="p_cit_main"
                >
                  <div
                    className="p_cit_teaser"
                    onClick={[Function]}
                  >
                    <span>
                      Wanna comment?
                    </span>
                  </div>
                  <div
                    className="p_cit_tool"
                  >
                    <div>
                      <span
                        className="c_sticker"
                        data-tip="Add sticker"
                        onClick={[Function]}
                      >
                        <i
                          className="material-icons"
                        >
                          face
                        </i>
                      </span>
                      <div
                        className="__react_component_tooltip place-top type-dark "
                        data-id="tooltip"
                      >
                        
                      </div>
                    </div>
                    <div>
                      <form
                        className="p_comment_form"
                        encType="multipart/form-data"
                      >
                        <input
                          accept="image/*"
                          id="file_input"
                          onChange={[Function]}
                          type="file"
                          value=""
                        />
                        <label
                          className=""
                          htmlFor="file_input"
                        >
                          <div
                            data-tip="Attach a file"
                          >
                            <i
                              className="material-icons"
                            >
                              attach_file
                            </i>
                          </div>
                        </label>
                      </form>
                    </div>
                  </div>
                </div>
              </div>
              <div />
            </div>
          </div>
        </div>
      </div>
    </div>
    <div
      className="page_end"
      onClick={[Function]}
    >
      <span>
        Looks like you've reached the end
      </span>
    </div>
  </div>
</div>
`;
