// Jest Snapshot v1, https://goo.gl/fbAQLP

exports[`ImageTheatre Component should match snapshot with complete details 1`] = `
<div
  className="img_s_bottom"
>
  <span
    className="img_s_by"
  >
    by takkar (a month)
  </span>
  <Link
    className="img_s_window"
    data-tip="Open separately"
    to="/"
  >
    <i
      className="material-icons"
    >
      open_in_new
    </i>
  </Link>
</div>
`;

exports[`ImageTheatre Component should match snapshot with null 1`] = `null`;
