// Jest Snapshot v1, https://goo.gl/fbAQLP

exports[`AboutSections Component should match snapshot 1`] = `
Array [
  <div>
    <span
      className="a_label"
    >
      Username
    </span>
    <span
      className="a_info"
    >
      takkar
    </span>
  </div>,
  <div>
    <span
      className="a_label"
    >
      Name
    </span>
    <span
      className="a_info"
    >
      iam_ takkar
    </span>
  </div>,
  <div>
    <span
      className="a_label"
    >
      Email
    </span>
    <span
      className="a_info"
    >
      takkar@gmail.com
    </span>
  </div>,
  <div>
    <span
      className="a_label"
    >
      Bio
    </span>
    <Link
      to="/edit-profile"
    >
      Add Bio account
    </Link>
  </div>,
  <div>
    <span
      className="a_label"
    >
      Instagram
    </span>
    <a
      className="a_info"
      href="https://www.instagram.com/_faiyaz_shaikh"
      target="_blank"
    >
      https://www.instagram.com/_faiyaz_shaikh
    </a>
  </div>,
  <div>
    <span
      className="a_label"
    >
      Github
    </span>
    <a
      className="a_info"
      href="https://github.com/yTakkar/"
      target="_blank"
    >
      https://github.com/yTakkar/
    </a>
  </div>,
  <div>
    <span
      className="a_label"
    >
      Twitter
    </span>
    <Link
      to="/edit-profile"
    >
      Add Twitter account
    </Link>
  </div>,
  <div>
    <span
      className="a_label"
    >
      Facebook
    </span>
    <Link
      to="/edit-profile"
    >
      Add Facebook account
    </Link>
  </div>,
  <div>
    <span
      className="a_label"
    >
      Website
    </span>
    <Link
      to="/edit-profile"
    >
      Add Website account
    </Link>
  </div>,
  <div>
    <span
      className="a_label"
    >
      Phone
    </span>
    <Link
      to="/edit-profile"
    >
      Add Phone account
    </Link>
  </div>,
  <div>
    <span
      className="a_label"
    >
      Joined
    </span>
    <span
      className="a_info"
    >
      a month ago
    </span>
  </div>,
]
`;
