// Jest Snapshot v1, https://goo.gl/fbAQLP

exports[`ProfileSettings Component should match snapshot 1`] = `
<div>
  <div
    style={
      Object {
        "animation": "bcCCNc 300ms ease 0s 1 normal none running",
        "backfaceVisibility": "visible",
      }
    }
  >
    <div
      className="spinner"
    >
      <span />
      <span />
      <span />
    </div>
    <div
      className="pro_settings cLoading"
    >
      <div
        className="acc_type"
      >
        <div
          className="set_header acc_type_header"
        >
          <span
            className="acc_type_h"
          >
            Change account type
          </span>
          <span>
            Select your account type, currently it's 
            <span
              className="type_indicator"
            >
              public
            </span>
          </span>
        </div>
        <div
          className="acc_type_main"
        >
          <select
            className="acc_select"
            onChange={[Function]}
            value="public"
          >
            <option
              value="public"
            >
              Public
            </option>
            <option
              value="private"
            >
              Private
            </option>
          </select>
          <span
            className="bold"
          >
            Note:
          </span>
          <span>
            When account is 
            <span
              className="bold"
            >
              private only your followers can interact with with your profile.
            </span>
             Others would have to follow you first to interact. This is the 
            <span
              className="bold"
            >
              recommended
            </span>
             option as only people you know would interact with your profile.
          </span>
          <span>
            And when account is public 
            <span
              className="bold"
            >
              anyone can see your profile and interact with your profile.
            </span>
          </span>
        </div>
      </div>
      <div
        className="blocking"
      >
        <div
          className="set_header block_header"
        >
          <span
            className="acc_type_h"
          >
            Your blocked members
          </span>
        </div>
        <div
          className="blocked_users"
        >
          <img
            src="/users/7/avatar.jpg"
          />
          <div
            className="blocked_u_content"
          >
            <div
              className="blocked_info"
            >
              <Link
                className="blocked_username"
                to="/profile/ghalib"
              >
                ghalib
              </Link>
              <span
                className="blocked_mutual"
              >
                Mirza Ghalib
              </span>
            </div>
            <a
              className="sec_btn unblock"
              href="#"
              onClick={[Function]}
            >
              Unblock
            </a>
          </div>
        </div>
        <div
          className="blocked_users"
        >
          <img
            src="/users/8/avatar.jpg"
          />
          <div
            className="blocked_u_content"
          >
            <div
              className="blocked_info"
            >
              <Link
                className="blocked_username"
                to="/profile/coldplay"
              >
                coldplay
              </Link>
              <span
                className="blocked_mutual"
              >
                2 mutual followers
              </span>
            </div>
            <a
              className="sec_btn unblock"
              href="#"
              onClick={[Function]}
            >
              Unblock
            </a>
          </div>
        </div>
      </div>
    </div>
  </div>
</div>
`;
