// Jest Snapshot v1, https://goo.gl/fbAQLP

exports[`Emojis Array should match snapshot 1`] = `
Array [
  "😀",
  "😁",
  "😂",
  "😃",
  "😄",
  "😅",
  "😆",
  "😇",
  "😈",
  "😉",
  "😊",
  "😋",
  "😌",
  "😍",
  "😎",
  "😏",
  "😐",
  "😑",
  "😒",
  "😓",
  "😔",
  "😕",
  "😖",
  "😗",
  "😘",
  "😙",
  "😚",
  "😛",
  "😜",
  "😝",
  "😞",
  "😟",
  "😠",
  "😡",
  "😢",
  "😣",
  "😤",
  "😥",
  "😦",
  "😧",
  "😨",
  "😩",
  "😪",
  "😫",
  "😬",
  "😭",
  "😮",
  "😯",
  "😰",
  "😱",
  "😲",
  "😳",
  "😴",
  "😵",
  "😶",
  "😷",
  "😸",
  "😹",
  "😺",
  "😻",
  "😼",
  "😽",
  "😾",
  "😿",
  "🙀",
  "🙁",
  "🙂",
  "🙅",
  "🙆",
  "🙇",
  "🙈",
  "🙉",
  "🙊",
  "🙋",
  "🙌",
  "🙍",
  "🙎",
  "🙏",
  "🆘",
  "🆙",
  "🆚",
  "🇦",
  "🇧",
  "🇨🇳",
  "🇨",
  "🇩🇪",
  "🇩",
  "🇪🇸",
  "🇪",
  "🇫🇷",
  "🇫",
  "🇬🇧",
  "🇬",
  "🇭",
  "🇮🇹",
  "🇮",
  "🇯🇵",
  "🇯",
  "🇰🇷",
  "🇰",
  "🇱",
  "🇲",
  "🇳",
  "🇴",
  "🇵",
  "🇶",
  "🇷🇺",
  "🇷",
  "🇸",
  "🇹",
  "🇺🇸",
  "🇺",
  "🇻",
  "🇼",
  "🇽",
  "🇾",
  "🇿",
  "🈁",
  "🈂",
  "🈚",
  "🈯",
  "🈲",
  "🈳",
  "🈴",
  "🈵",
  "🈶",
  "🈷",
  "🈸",
  "🈹",
  "🈺",
  "🉐",
  "🉑",
  "🌀",
  "🌁",
  "🌂",
  "🌃",
  "🌄",
  "🌅",
  "🌆",
  "🌇",
  "🌈",
  "🌉",
  "🌊",
  "🌋",
  "🌌",
  "🌍",
  "🌎",
  "🌏",
  "🌐",
  "🌑",
  "🌒",
  "🌓",
  "🌔",
  "🌕",
  "🌖",
  "🌗",
  "🌘",
  "🌙",
  "🌚",
  "🌛",
  "🌜",
  "🌝",
  "🌞",
  "🌟",
  "🌠",
  "🌰",
  "🌱",
  "🌲",
  "🌳",
  "🌴",
  "🌵",
  "🌷",
  "🌸",
  "🌹",
  "🌺",
  "🌻",
  "🌼",
  "🌽",
  "🌾",
  "🌿",
  "🍀",
  "🍁",
  "🍂",
  "🍃",
  "🍄",
  "🍅",
  "🍆",
  "🍇",
  "🍈",
  "🍉",
  "🍊",
  "🍋",
  "🍌",
  "🍍",
  "🍎",
  "🍏",
  "🍐",
  "🍑",
  "🍒",
  "🍓",
  "🍔",
  "🍕",
  "🍖",
  "🍗",
  "🍘",
  "🍙",
  "🍚",
  "🍛",
  "🍜",
  "🍝",
  "🍞",
  "🍟",
  "🍠",
  "🍡",
  "🍢",
  "🍣",
  "🍤",
  "🍥",
  "🍦",
  "🍧",
  "🍨",
  "🍩",
  "🍪",
  "🍫",
  "🍬",
  "🍭",
  "🍮",
  "🍯",
  "🍰",
  "🍱",
  "🍲",
  "🍳",
  "🍴",
  "🍵",
  "🍶",
  "🍷",
  "🍸",
  "🍹",
  "🍺",
  "🍻",
  "🍼",
  "🎀",
  "🎁",
  "🎂",
  "🎃",
  "🎄",
  "🎅",
  "🎆",
  "🎇",
  "🎈",
  "🎉",
  "🎊",
  "🎋",
  "🎌",
  "🎍",
  "🎎",
  "🎏",
  "🎐",
  "🎑",
  "🎒",
  "🎓",
  "🎠",
  "🎡",
  "🎢",
  "🎣",
  "🎤",
  "🎥",
  "🎦",
  "🎧",
  "🎨",
  "🎩",
  "🎪",
  "🎫",
  "🎬",
  "🎭",
  "🎮",
  "🎯",
  "🎰",
  "🎱",
  "🎲",
  "🎳",
  "🎴",
  "🎵",
  "🎶",
  "🎷",
  "🎸",
  "🎹",
  "🎺",
  "🎻",
  "🎼",
  "🎽",
  "🎾",
  "🎿",
  "🏀",
  "🏁",
  "🏂",
  "🏃",
  "🏄",
  "🏆",
  "🏇",
  "🏈",
  "🏉",
  "🏊",
  "🏠",
  "🏡",
  "🏢",
  "🏣",
  "🏤",
  "🏥",
  "🏦",
  "🏧",
  "🏨",
  "🏩",
  "🏪",
  "🏫",
  "🏬",
  "🏭",
  "🏮",
  "🏯",
  "🏰",
  "🐀",
  "🐁",
  "🐂",
  "🐃",
  "🐄",
  "🐅",
  "🐆",
  "🐇",
  "🐈",
  "🐉",
  "🐊",
  "🐋",
  "🐌",
  "🐍",
  "🐎",
  "🐏",
  "🐐",
  "🐑",
  "🐒",
  "🐓",
  "🐔",
  "🐕",
  "🐖",
  "🐗",
  "🐘",
  "🐙",
  "🐚",
  "🐛",
  "🐜",
  "🐝",
  "🐞",
  "🐟",
  "🐠",
  "🐡",
  "🐢",
  "🐣",
  "🐤",
  "🐥",
  "🐦",
  "🐧",
  "🐨",
  "🐩",
  "🐪",
  "🐫",
  "🐬",
  "🐭",
  "🐮",
  "🐯",
  "🐰",
  "🐱",
  "🐲",
  "🐳",
  "🐴",
  "🐵",
  "🐶",
  "🐷",
  "🐸",
  "🐹",
  "🐺",
  "🐻",
  "🐼",
  "🐽",
  "🐾",
  "👀",
  "👂",
  "👃",
  "👄",
  "👅",
  "👆",
  "👇",
  "👈",
  "👉",
  "👊",
  "👋",
  "👌",
  "👍",
  "👎",
  "👏",
  "👐",
  "👑",
  "👒",
  "👓",
  "👔",
  "👕",
  "👖",
  "👗",
  "👘",
  "👙",
  "👚",
  "👛",
  "👜",
  "👝",
  "👞",
  "👟",
  "👠",
  "👡",
  "👢",
  "👣",
  "👤",
  "👥",
  "👦",
  "👧",
  "👨",
  "👩",
  "👪",
  "👫",
  "👬",
  "👭",
  "👮",
  "👯",
  "👰",
  "👱",
  "👲",
  "👳",
  "👴",
  "👵",
  "👶",
  "👷",
  "👸",
  "👹",
  "👺",
  "👻",
  "👼",
  "👽",
  "👾",
  "👿",
  "💀",
  "💁",
  "💂",
  "💃",
  "💄",
  "💅",
  "💆",
  "💇",
  "💈",
  "💉",
  "💊",
  "💋",
  "💌",
  "💍",
  "💎",
  "💏",
  "💐",
  "💑",
  "💒",
  "💓",
  "💔",
  "💕",
  "💖",
  "💗",
  "💘",
  "💙",
  "💚",
  "💛",
  "💜",
  "💝",
  "💞",
  "💟",
  "💠",
  "💡",
  "💢",
  "💣",
  "💤",
  "💥",
  "💦",
  "💧",
  "💨",
  "💩",
  "💪",
  "💫",
  "💬",
  "💭",
  "💮",
  "💯",
  "💰",
  "💱",
  "💲",
  "💳",
  "💴",
  "💵",
  "💶",
  "💷",
  "💸",
  "💹",
  "💺",
  "💻",
  "💼",
  "💽",
  "💾",
  "💿",
  "📀",
  "📁",
  "📂",
  "📃",
  "📄",
  "📅",
  "📆",
  "📇",
  "📈",
  "📉",
  "📊",
  "📋",
  "📌",
  "📍",
  "📎",
  "📏",
  "📐",
  "📑",
  "📒",
  "📓",
  "📔",
  "📕",
  "📖",
  "📗",
  "📘",
  "📙",
  "📚",
  "📛",
  "📜",
  "📝",
  "📞",
  "📟",
  "📠",
  "📡",
  "📢",
  "📣",
  "📤",
  "📥",
  "📦",
  "📧",
  "📨",
  "📩",
  "📪",
  "📫",
  "📬",
  "📭",
  "📮",
  "📯",
  "📰",
  "📱",
  "📲",
  "📳",
  "📴",
  "📵",
  "📶",
  "📷",
  "📹",
  "📺",
  "📻",
  "📼",
  "🔀",
  "🔁",
  "🔂",
  "🔃",
  "🔄",
  "🔅",
  "🔆",
  "🔇",
  "🔈",
  "🔉",
  "🔊",
  "🔋",
  "🔌",
  "🔍",
  "🔎",
  "🔏",
  "🔐",
  "🔑",
  "🔒",
  "🔓",
  "🔔",
  "🔕",
  "🔖",
  "🔗",
  "🔘",
  "🔙",
  "🔚",
  "🔛",
  "🔜",
  "🔝",
  "🔞",
  "🔟",
  "🔠",
  "🔡",
  "🔢",
  "🔣",
  "🔤",
  "🔥",
  "🔦",
  "🔧",
  "🔨",
  "🔩",
  "🔪",
  "🔫",
  "🔬",
  "🔭",
  "🔮",
  "🔯",
  "🔰",
  "🔱",
  "🔲",
  "🔳",
  "🔴",
  "🔵",
  "🔶",
  "🔷",
  "🔸",
  "🔹",
  "🔺",
  "🔻",
  "🔼",
  "🔽",
  "🕐",
  "🕑",
  "🕒",
  "🕓",
  "🕔",
  "🕕",
  "🕖",
  "🕗",
  "🕘",
  "🕙",
  "🕚",
  "🕛",
  "🕜",
  "🕝",
  "🕞",
  "🕟",
  "🕠",
  "🕡",
  "🕢",
  "🕣",
  "🕤",
  "🕥",
  "🕦",
  "🕧",
  "🗻",
  "🗼",
  "🗽",
  "🗾",
  "🗿",
  "🚀",
  "🚁",
  "🚂",
  "🚃",
  "🚄",
  "🚅",
  "🚆",
  "🚇",
  "🚈",
  "🚉",
  "🚊",
  "🚋",
  "🚌",
  "🚍",
  "🚎",
  "🚏",
  "🚐",
  "🚑",
  "🚒",
  "🚓",
  "🚔",
  "🚕",
  "🚖",
  "🚗",
  "🚘",
  "🚙",
  "🚚",
  "🚛",
  "🚜",
  "🚝",
  "🚞",
  "🚟",
  "🚠",
  "🚡",
  "🚢",
  "🚣",
  "🚤",
  "🚥",
  "🚦",
  "🚧",
  "🚨",
  "🚩",
  "🚪",
  "🚫",
  "🚬",
  "🚭",
  "🚮",
  "🚯",
  "🚰",
  "🚱",
  "🚲",
  "🚳",
  "🚴",
  "🚵",
  "🚶",
  "🚷",
  "🚸",
  "🚹",
  "🚺",
  "🚻",
  "🚼",
  "🚽",
  "🚾",
  "🚿",
  "🛀",
  "🛁",
  "🛂",
  "🛃",
  "🛄",
  "🛅",
  "™",
  "ℹ",
  "⌚",
  "⏩",
  "⏪",
  "⏫",
  "⏬",
  "⏰",
  "⏳",
  "☀",
  "☁",
  "☎",
  "☑",
  "☔",
  "☕",
  "☝",
  "☺",
  "♈",
  "♉",
  "♊",
  "♋",
  "♌",
  "♍",
  "♎",
  "♏",
  "♐",
  "♑",
  "♒",
  "♓",
  "⚽",
  "⚾",
  "⛄",
  "⛅",
  "⛎",
  "⛔",
  "©",
  "®",
]
`;
