// Jest Snapshot v1, https://goo.gl/fbAQLP

exports[`EmojisList component should match snapshot of EmojisList component 1`] = `
<div
  className="emoji_all"
  style={
    Object {
      "left": null,
    }
  }
>
  <ul>
    <li
      onClick={[Function]}
    >
      😀
    </li>
    <li
      onClick={[Function]}
    >
      😁
    </li>
    <li
      onClick={[Function]}
    >
      😂
    </li>
    <li
      onClick={[Function]}
    >
      😃
    </li>
    <li
      onClick={[Function]}
    >
      😄
    </li>
    <li
      onClick={[Function]}
    >
      😅
    </li>
    <li
      onClick={[Function]}
    >
      😆
    </li>
    <li
      onClick={[Function]}
    >
      😇
    </li>
    <li
      onClick={[Function]}
    >
      😈
    </li>
    <li
      onClick={[Function]}
    >
      😉
    </li>
    <li
      onClick={[Function]}
    >
      😊
    </li>
    <li
      onClick={[Function]}
    >
      😋
    </li>
    <li
      onClick={[Function]}
    >
      😌
    </li>
    <li
      onClick={[Function]}
    >
      😍
    </li>
    <li
      onClick={[Function]}
    >
      😎
    </li>
    <li
      onClick={[Function]}
    >
      😏
    </li>
    <li
      onClick={[Function]}
    >
      😐
    </li>
    <li
      onClick={[Function]}
    >
      😑
    </li>
    <li
      onClick={[Function]}
    >
      😒
    </li>
    <li
      onClick={[Function]}
    >
      😓
    </li>
    <li
      onClick={[Function]}
    >
      😔
    </li>
    <li
      onClick={[Function]}
    >
      😕
    </li>
    <li
      onClick={[Function]}
    >
      😖
    </li>
    <li
      onClick={[Function]}
    >
      😗
    </li>
    <li
      onClick={[Function]}
    >
      😘
    </li>
    <li
      onClick={[Function]}
    >
      😙
    </li>
    <li
      onClick={[Function]}
    >
      😚
    </li>
    <li
      onClick={[Function]}
    >
      😛
    </li>
    <li
      onClick={[Function]}
    >
      😜
    </li>
    <li
      onClick={[Function]}
    >
      😝
    </li>
    <li
      onClick={[Function]}
    >
      😞
    </li>
    <li
      onClick={[Function]}
    >
      😟
    </li>
    <li
      onClick={[Function]}
    >
      😠
    </li>
    <li
      onClick={[Function]}
    >
      😡
    </li>
    <li
      onClick={[Function]}
    >
      😢
    </li>
    <li
      onClick={[Function]}
    >
      😣
    </li>
    <li
      onClick={[Function]}
    >
      😤
    </li>
    <li
      onClick={[Function]}
    >
      😥
    </li>
    <li
      onClick={[Function]}
    >
      😦
    </li>
    <li
      onClick={[Function]}
    >
      😧
    </li>
    <li
      onClick={[Function]}
    >
      😨
    </li>
    <li
      onClick={[Function]}
    >
      😩
    </li>
    <li
      onClick={[Function]}
    >
      😪
    </li>
    <li
      onClick={[Function]}
    >
      😫
    </li>
    <li
      onClick={[Function]}
    >
      😬
    </li>
    <li
      onClick={[Function]}
    >
      😭
    </li>
    <li
      onClick={[Function]}
    >
      😮
    </li>
    <li
      onClick={[Function]}
    >
      😯
    </li>
    <li
      onClick={[Function]}
    >
      😰
    </li>
    <li
      onClick={[Function]}
    >
      😱
    </li>
    <li
      onClick={[Function]}
    >
      😲
    </li>
    <li
      onClick={[Function]}
    >
      😳
    </li>
    <li
      onClick={[Function]}
    >
      😴
    </li>
    <li
      onClick={[Function]}
    >
      😵
    </li>
    <li
      onClick={[Function]}
    >
      😶
    </li>
    <li
      onClick={[Function]}
    >
      😷
    </li>
    <li
      onClick={[Function]}
    >
      😸
    </li>
    <li
      onClick={[Function]}
    >
      😹
    </li>
    <li
      onClick={[Function]}
    >
      😺
    </li>
    <li
      onClick={[Function]}
    >
      😻
    </li>
    <li
      onClick={[Function]}
    >
      😼
    </li>
    <li
      onClick={[Function]}
    >
      😽
    </li>
    <li
      onClick={[Function]}
    >
      😾
    </li>
    <li
      onClick={[Function]}
    >
      😿
    </li>
    <li
      onClick={[Function]}
    >
      🙀
    </li>
    <li
      onClick={[Function]}
    >
      🙁
    </li>
    <li
      onClick={[Function]}
    >
      🙂
    </li>
    <li
      onClick={[Function]}
    >
      🙅
    </li>
    <li
      onClick={[Function]}
    >
      🙆
    </li>
    <li
      onClick={[Function]}
    >
      🙇
    </li>
    <li
      onClick={[Function]}
    >
      🙈
    </li>
    <li
      onClick={[Function]}
    >
      🙉
    </li>
    <li
      onClick={[Function]}
    >
      🙊
    </li>
    <li
      onClick={[Function]}
    >
      🙋
    </li>
    <li
      onClick={[Function]}
    >
      🙌
    </li>
    <li
      onClick={[Function]}
    >
      🙍
    </li>
    <li
      onClick={[Function]}
    >
      🙎
    </li>
    <li
      onClick={[Function]}
    >
      🙏
    </li>
    <li
      onClick={[Function]}
    >
      🆘
    </li>
    <li
      onClick={[Function]}
    >
      🆙
    </li>
    <li
      onClick={[Function]}
    >
      🆚
    </li>
    <li
      onClick={[Function]}
    >
      🇦
    </li>
    <li
      onClick={[Function]}
    >
      🇧
    </li>
    <li
      onClick={[Function]}
    >
      🇨🇳
    </li>
    <li
      onClick={[Function]}
    >
      🇨
    </li>
    <li
      onClick={[Function]}
    >
      🇩🇪
    </li>
    <li
      onClick={[Function]}
    >
      🇩
    </li>
    <li
      onClick={[Function]}
    >
      🇪🇸
    </li>
    <li
      onClick={[Function]}
    >
      🇪
    </li>
    <li
      onClick={[Function]}
    >
      🇫🇷
    </li>
    <li
      onClick={[Function]}
    >
      🇫
    </li>
    <li
      onClick={[Function]}
    >
      🇬🇧
    </li>
    <li
      onClick={[Function]}
    >
      🇬
    </li>
    <li
      onClick={[Function]}
    >
      🇭
    </li>
    <li
      onClick={[Function]}
    >
      🇮🇹
    </li>
    <li
      onClick={[Function]}
    >
      🇮
    </li>
    <li
      onClick={[Function]}
    >
      🇯🇵
    </li>
    <li
      onClick={[Function]}
    >
      🇯
    </li>
    <li
      onClick={[Function]}
    >
      🇰🇷
    </li>
    <li
      onClick={[Function]}
    >
      🇰
    </li>
    <li
      onClick={[Function]}
    >
      🇱
    </li>
    <li
      onClick={[Function]}
    >
      🇲
    </li>
    <li
      onClick={[Function]}
    >
      🇳
    </li>
    <li
      onClick={[Function]}
    >
      🇴
    </li>
    <li
      onClick={[Function]}
    >
      🇵
    </li>
    <li
      onClick={[Function]}
    >
      🇶
    </li>
    <li
      onClick={[Function]}
    >
      🇷🇺
    </li>
    <li
      onClick={[Function]}
    >
      🇷
    </li>
    <li
      onClick={[Function]}
    >
      🇸
    </li>
    <li
      onClick={[Function]}
    >
      🇹
    </li>
    <li
      onClick={[Function]}
    >
      🇺🇸
    </li>
    <li
      onClick={[Function]}
    >
      🇺
    </li>
    <li
      onClick={[Function]}
    >
      🇻
    </li>
    <li
      onClick={[Function]}
    >
      🇼
    </li>
    <li
      onClick={[Function]}
    >
      🇽
    </li>
    <li
      onClick={[Function]}
    >
      🇾
    </li>
    <li
      onClick={[Function]}
    >
      🇿
    </li>
    <li
      onClick={[Function]}
    >
      🈁
    </li>
    <li
      onClick={[Function]}
    >
      🈂
    </li>
    <li
      onClick={[Function]}
    >
      🈚
    </li>
    <li
      onClick={[Function]}
    >
      🈯
    </li>
    <li
      onClick={[Function]}
    >
      🈲
    </li>
    <li
      onClick={[Function]}
    >
      🈳
    </li>
    <li
      onClick={[Function]}
    >
      🈴
    </li>
    <li
      onClick={[Function]}
    >
      🈵
    </li>
    <li
      onClick={[Function]}
    >
      🈶
    </li>
    <li
      onClick={[Function]}
    >
      🈷
    </li>
    <li
      onClick={[Function]}
    >
      🈸
    </li>
    <li
      onClick={[Function]}
    >
      🈹
    </li>
    <li
      onClick={[Function]}
    >
      🈺
    </li>
    <li
      onClick={[Function]}
    >
      🉐
    </li>
    <li
      onClick={[Function]}
    >
      🉑
    </li>
    <li
      onClick={[Function]}
    >
      🌀
    </li>
    <li
      onClick={[Function]}
    >
      🌁
    </li>
    <li
      onClick={[Function]}
    >
      🌂
    </li>
    <li
      onClick={[Function]}
    >
      🌃
    </li>
    <li
      onClick={[Function]}
    >
      🌄
    </li>
    <li
      onClick={[Function]}
    >
      🌅
    </li>
    <li
      onClick={[Function]}
    >
      🌆
    </li>
    <li
      onClick={[Function]}
    >
      🌇
    </li>
    <li
      onClick={[Function]}
    >
      🌈
    </li>
    <li
      onClick={[Function]}
    >
      🌉
    </li>
    <li
      onClick={[Function]}
    >
      🌊
    </li>
    <li
      onClick={[Function]}
    >
      🌋
    </li>
    <li
      onClick={[Function]}
    >
      🌌
    </li>
    <li
      onClick={[Function]}
    >
      🌍
    </li>
    <li
      onClick={[Function]}
    >
      🌎
    </li>
    <li
      onClick={[Function]}
    >
      🌏
    </li>
    <li
      onClick={[Function]}
    >
      🌐
    </li>
    <li
      onClick={[Function]}
    >
      🌑
    </li>
    <li
      onClick={[Function]}
    >
      🌒
    </li>
    <li
      onClick={[Function]}
    >
      🌓
    </li>
    <li
      onClick={[Function]}
    >
      🌔
    </li>
    <li
      onClick={[Function]}
    >
      🌕
    </li>
    <li
      onClick={[Function]}
    >
      🌖
    </li>
    <li
      onClick={[Function]}
    >
      🌗
    </li>
    <li
      onClick={[Function]}
    >
      🌘
    </li>
    <li
      onClick={[Function]}
    >
      🌙
    </li>
    <li
      onClick={[Function]}
    >
      🌚
    </li>
    <li
      onClick={[Function]}
    >
      🌛
    </li>
    <li
      onClick={[Function]}
    >
      🌜
    </li>
    <li
      onClick={[Function]}
    >
      🌝
    </li>
    <li
      onClick={[Function]}
    >
      🌞
    </li>
    <li
      onClick={[Function]}
    >
      🌟
    </li>
    <li
      onClick={[Function]}
    >
      🌠
    </li>
    <li
      onClick={[Function]}
    >
      🌰
    </li>
    <li
      onClick={[Function]}
    >
      🌱
    </li>
    <li
      onClick={[Function]}
    >
      🌲
    </li>
    <li
      onClick={[Function]}
    >
      🌳
    </li>
    <li
      onClick={[Function]}
    >
      🌴
    </li>
    <li
      onClick={[Function]}
    >
      🌵
    </li>
    <li
      onClick={[Function]}
    >
      🌷
    </li>
    <li
      onClick={[Function]}
    >
      🌸
    </li>
    <li
      onClick={[Function]}
    >
      🌹
    </li>
    <li
      onClick={[Function]}
    >
      🌺
    </li>
    <li
      onClick={[Function]}
    >
      🌻
    </li>
    <li
      onClick={[Function]}
    >
      🌼
    </li>
    <li
      onClick={[Function]}
    >
      🌽
    </li>
    <li
      onClick={[Function]}
    >
      🌾
    </li>
    <li
      onClick={[Function]}
    >
      🌿
    </li>
    <li
      onClick={[Function]}
    >
      🍀
    </li>
    <li
      onClick={[Function]}
    >
      🍁
    </li>
    <li
      onClick={[Function]}
    >
      🍂
    </li>
    <li
      onClick={[Function]}
    >
      🍃
    </li>
    <li
      onClick={[Function]}
    >
      🍄
    </li>
    <li
      onClick={[Function]}
    >
      🍅
    </li>
    <li
      onClick={[Function]}
    >
      🍆
    </li>
    <li
      onClick={[Function]}
    >
      🍇
    </li>
    <li
      onClick={[Function]}
    >
      🍈
    </li>
    <li
      onClick={[Function]}
    >
      🍉
    </li>
    <li
      onClick={[Function]}
    >
      🍊
    </li>
    <li
      onClick={[Function]}
    >
      🍋
    </li>
    <li
      onClick={[Function]}
    >
      🍌
    </li>
    <li
      onClick={[Function]}
    >
      🍍
    </li>
    <li
      onClick={[Function]}
    >
      🍎
    </li>
    <li
      onClick={[Function]}
    >
      🍏
    </li>
    <li
      onClick={[Function]}
    >
      🍐
    </li>
    <li
      onClick={[Function]}
    >
      🍑
    </li>
    <li
      onClick={[Function]}
    >
      🍒
    </li>
    <li
      onClick={[Function]}
    >
      🍓
    </li>
    <li
      onClick={[Function]}
    >
      🍔
    </li>
    <li
      onClick={[Function]}
    >
      🍕
    </li>
    <li
      onClick={[Function]}
    >
      🍖
    </li>
    <li
      onClick={[Function]}
    >
      🍗
    </li>
    <li
      onClick={[Function]}
    >
      🍘
    </li>
    <li
      onClick={[Function]}
    >
      🍙
    </li>
    <li
      onClick={[Function]}
    >
      🍚
    </li>
    <li
      onClick={[Function]}
    >
      🍛
    </li>
    <li
      onClick={[Function]}
    >
      🍜
    </li>
    <li
      onClick={[Function]}
    >
      🍝
    </li>
    <li
      onClick={[Function]}
    >
      🍞
    </li>
    <li
      onClick={[Function]}
    >
      🍟
    </li>
    <li
      onClick={[Function]}
    >
      🍠
    </li>
    <li
      onClick={[Function]}
    >
      🍡
    </li>
    <li
      onClick={[Function]}
    >
      🍢
    </li>
    <li
      onClick={[Function]}
    >
      🍣
    </li>
    <li
      onClick={[Function]}
    >
      🍤
    </li>
    <li
      onClick={[Function]}
    >
      🍥
    </li>
    <li
      onClick={[Function]}
    >
      🍦
    </li>
    <li
      onClick={[Function]}
    >
      🍧
    </li>
    <li
      onClick={[Function]}
    >
      🍨
    </li>
    <li
      onClick={[Function]}
    >
      🍩
    </li>
    <li
      onClick={[Function]}
    >
      🍪
    </li>
    <li
      onClick={[Function]}
    >
      🍫
    </li>
    <li
      onClick={[Function]}
    >
      🍬
    </li>
    <li
      onClick={[Function]}
    >
      🍭
    </li>
    <li
      onClick={[Function]}
    >
      🍮
    </li>
    <li
      onClick={[Function]}
    >
      🍯
    </li>
    <li
      onClick={[Function]}
    >
      🍰
    </li>
    <li
      onClick={[Function]}
    >
      🍱
    </li>
    <li
      onClick={[Function]}
    >
      🍲
    </li>
    <li
      onClick={[Function]}
    >
      🍳
    </li>
    <li
      onClick={[Function]}
    >
      🍴
    </li>
    <li
      onClick={[Function]}
    >
      🍵
    </li>
    <li
      onClick={[Function]}
    >
      🍶
    </li>
    <li
      onClick={[Function]}
    >
      🍷
    </li>
    <li
      onClick={[Function]}
    >
      🍸
    </li>
    <li
      onClick={[Function]}
    >
      🍹
    </li>
    <li
      onClick={[Function]}
    >
      🍺
    </li>
    <li
      onClick={[Function]}
    >
      🍻
    </li>
    <li
      onClick={[Function]}
    >
      🍼
    </li>
    <li
      onClick={[Function]}
    >
      🎀
    </li>
    <li
      onClick={[Function]}
    >
      🎁
    </li>
    <li
      onClick={[Function]}
    >
      🎂
    </li>
    <li
      onClick={[Function]}
    >
      🎃
    </li>
    <li
      onClick={[Function]}
    >
      🎄
    </li>
    <li
      onClick={[Function]}
    >
      🎅
    </li>
    <li
      onClick={[Function]}
    >
      🎆
    </li>
    <li
      onClick={[Function]}
    >
      🎇
    </li>
    <li
      onClick={[Function]}
    >
      🎈
    </li>
    <li
      onClick={[Function]}
    >
      🎉
    </li>
    <li
      onClick={[Function]}
    >
      🎊
    </li>
    <li
      onClick={[Function]}
    >
      🎋
    </li>
    <li
      onClick={[Function]}
    >
      🎌
    </li>
    <li
      onClick={[Function]}
    >
      🎍
    </li>
    <li
      onClick={[Function]}
    >
      🎎
    </li>
    <li
      onClick={[Function]}
    >
      🎏
    </li>
    <li
      onClick={[Function]}
    >
      🎐
    </li>
    <li
      onClick={[Function]}
    >
      🎑
    </li>
    <li
      onClick={[Function]}
    >
      🎒
    </li>
    <li
      onClick={[Function]}
    >
      🎓
    </li>
    <li
      onClick={[Function]}
    >
      🎠
    </li>
    <li
      onClick={[Function]}
    >
      🎡
    </li>
    <li
      onClick={[Function]}
    >
      🎢
    </li>
    <li
      onClick={[Function]}
    >
      🎣
    </li>
    <li
      onClick={[Function]}
    >
      🎤
    </li>
    <li
      onClick={[Function]}
    >
      🎥
    </li>
    <li
      onClick={[Function]}
    >
      🎦
    </li>
    <li
      onClick={[Function]}
    >
      🎧
    </li>
    <li
      onClick={[Function]}
    >
      🎨
    </li>
    <li
      onClick={[Function]}
    >
      🎩
    </li>
    <li
      onClick={[Function]}
    >
      🎪
    </li>
    <li
      onClick={[Function]}
    >
      🎫
    </li>
    <li
      onClick={[Function]}
    >
      🎬
    </li>
    <li
      onClick={[Function]}
    >
      🎭
    </li>
    <li
      onClick={[Function]}
    >
      🎮
    </li>
    <li
      onClick={[Function]}
    >
      🎯
    </li>
    <li
      onClick={[Function]}
    >
      🎰
    </li>
    <li
      onClick={[Function]}
    >
      🎱
    </li>
    <li
      onClick={[Function]}
    >
      🎲
    </li>
    <li
      onClick={[Function]}
    >
      🎳
    </li>
    <li
      onClick={[Function]}
    >
      🎴
    </li>
    <li
      onClick={[Function]}
    >
      🎵
    </li>
    <li
      onClick={[Function]}
    >
      🎶
    </li>
    <li
      onClick={[Function]}
    >
      🎷
    </li>
    <li
      onClick={[Function]}
    >
      🎸
    </li>
    <li
      onClick={[Function]}
    >
      🎹
    </li>
    <li
      onClick={[Function]}
    >
      🎺
    </li>
    <li
      onClick={[Function]}
    >
      🎻
    </li>
    <li
      onClick={[Function]}
    >
      🎼
    </li>
    <li
      onClick={[Function]}
    >
      🎽
    </li>
    <li
      onClick={[Function]}
    >
      🎾
    </li>
    <li
      onClick={[Function]}
    >
      🎿
    </li>
    <li
      onClick={[Function]}
    >
      🏀
    </li>
    <li
      onClick={[Function]}
    >
      🏁
    </li>
    <li
      onClick={[Function]}
    >
      🏂
    </li>
    <li
      onClick={[Function]}
    >
      🏃
    </li>
    <li
      onClick={[Function]}
    >
      🏄
    </li>
    <li
      onClick={[Function]}
    >
      🏆
    </li>
    <li
      onClick={[Function]}
    >
      🏇
    </li>
    <li
      onClick={[Function]}
    >
      🏈
    </li>
    <li
      onClick={[Function]}
    >
      🏉
    </li>
    <li
      onClick={[Function]}
    >
      🏊
    </li>
    <li
      onClick={[Function]}
    >
      🏠
    </li>
    <li
      onClick={[Function]}
    >
      🏡
    </li>
    <li
      onClick={[Function]}
    >
      🏢
    </li>
    <li
      onClick={[Function]}
    >
      🏣
    </li>
    <li
      onClick={[Function]}
    >
      🏤
    </li>
    <li
      onClick={[Function]}
    >
      🏥
    </li>
    <li
      onClick={[Function]}
    >
      🏦
    </li>
    <li
      onClick={[Function]}
    >
      🏧
    </li>
    <li
      onClick={[Function]}
    >
      🏨
    </li>
    <li
      onClick={[Function]}
    >
      🏩
    </li>
    <li
      onClick={[Function]}
    >
      🏪
    </li>
    <li
      onClick={[Function]}
    >
      🏫
    </li>
    <li
      onClick={[Function]}
    >
      🏬
    </li>
    <li
      onClick={[Function]}
    >
      🏭
    </li>
    <li
      onClick={[Function]}
    >
      🏮
    </li>
    <li
      onClick={[Function]}
    >
      🏯
    </li>
    <li
      onClick={[Function]}
    >
      🏰
    </li>
    <li
      onClick={[Function]}
    >
      🐀
    </li>
    <li
      onClick={[Function]}
    >
      🐁
    </li>
    <li
      onClick={[Function]}
    >
      🐂
    </li>
    <li
      onClick={[Function]}
    >
      🐃
    </li>
    <li
      onClick={[Function]}
    >
      🐄
    </li>
    <li
      onClick={[Function]}
    >
      🐅
    </li>
    <li
      onClick={[Function]}
    >
      🐆
    </li>
    <li
      onClick={[Function]}
    >
      🐇
    </li>
    <li
      onClick={[Function]}
    >
      🐈
    </li>
    <li
      onClick={[Function]}
    >
      🐉
    </li>
    <li
      onClick={[Function]}
    >
      🐊
    </li>
    <li
      onClick={[Function]}
    >
      🐋
    </li>
    <li
      onClick={[Function]}
    >
      🐌
    </li>
    <li
      onClick={[Function]}
    >
      🐍
    </li>
    <li
      onClick={[Function]}
    >
      🐎
    </li>
    <li
      onClick={[Function]}
    >
      🐏
    </li>
    <li
      onClick={[Function]}
    >
      🐐
    </li>
    <li
      onClick={[Function]}
    >
      🐑
    </li>
    <li
      onClick={[Function]}
    >
      🐒
    </li>
    <li
      onClick={[Function]}
    >
      🐓
    </li>
    <li
      onClick={[Function]}
    >
      🐔
    </li>
    <li
      onClick={[Function]}
    >
      🐕
    </li>
    <li
      onClick={[Function]}
    >
      🐖
    </li>
    <li
      onClick={[Function]}
    >
      🐗
    </li>
    <li
      onClick={[Function]}
    >
      🐘
    </li>
    <li
      onClick={[Function]}
    >
      🐙
    </li>
    <li
      onClick={[Function]}
    >
      🐚
    </li>
    <li
      onClick={[Function]}
    >
      🐛
    </li>
    <li
      onClick={[Function]}
    >
      🐜
    </li>
    <li
      onClick={[Function]}
    >
      🐝
    </li>
    <li
      onClick={[Function]}
    >
      🐞
    </li>
    <li
      onClick={[Function]}
    >
      🐟
    </li>
    <li
      onClick={[Function]}
    >
      🐠
    </li>
    <li
      onClick={[Function]}
    >
      🐡
    </li>
    <li
      onClick={[Function]}
    >
      🐢
    </li>
    <li
      onClick={[Function]}
    >
      🐣
    </li>
    <li
      onClick={[Function]}
    >
      🐤
    </li>
    <li
      onClick={[Function]}
    >
      🐥
    </li>
    <li
      onClick={[Function]}
    >
      🐦
    </li>
    <li
      onClick={[Function]}
    >
      🐧
    </li>
    <li
      onClick={[Function]}
    >
      🐨
    </li>
    <li
      onClick={[Function]}
    >
      🐩
    </li>
    <li
      onClick={[Function]}
    >
      🐪
    </li>
    <li
      onClick={[Function]}
    >
      🐫
    </li>
    <li
      onClick={[Function]}
    >
      🐬
    </li>
    <li
      onClick={[Function]}
    >
      🐭
    </li>
    <li
      onClick={[Function]}
    >
      🐮
    </li>
    <li
      onClick={[Function]}
    >
      🐯
    </li>
    <li
      onClick={[Function]}
    >
      🐰
    </li>
    <li
      onClick={[Function]}
    >
      🐱
    </li>
    <li
      onClick={[Function]}
    >
      🐲
    </li>
    <li
      onClick={[Function]}
    >
      🐳
    </li>
    <li
      onClick={[Function]}
    >
      🐴
    </li>
    <li
      onClick={[Function]}
    >
      🐵
    </li>
    <li
      onClick={[Function]}
    >
      🐶
    </li>
    <li
      onClick={[Function]}
    >
      🐷
    </li>
    <li
      onClick={[Function]}
    >
      🐸
    </li>
    <li
      onClick={[Function]}
    >
      🐹
    </li>
    <li
      onClick={[Function]}
    >
      🐺
    </li>
    <li
      onClick={[Function]}
    >
      🐻
    </li>
    <li
      onClick={[Function]}
    >
      🐼
    </li>
    <li
      onClick={[Function]}
    >
      🐽
    </li>
    <li
      onClick={[Function]}
    >
      🐾
    </li>
    <li
      onClick={[Function]}
    >
      👀
    </li>
    <li
      onClick={[Function]}
    >
      👂
    </li>
    <li
      onClick={[Function]}
    >
      👃
    </li>
    <li
      onClick={[Function]}
    >
      👄
    </li>
    <li
      onClick={[Function]}
    >
      👅
    </li>
    <li
      onClick={[Function]}
    >
      👆
    </li>
    <li
      onClick={[Function]}
    >
      👇
    </li>
    <li
      onClick={[Function]}
    >
      👈
    </li>
    <li
      onClick={[Function]}
    >
      👉
    </li>
    <li
      onClick={[Function]}
    >
      👊
    </li>
    <li
      onClick={[Function]}
    >
      👋
    </li>
    <li
      onClick={[Function]}
    >
      👌
    </li>
    <li
      onClick={[Function]}
    >
      👍
    </li>
    <li
      onClick={[Function]}
    >
      👎
    </li>
    <li
      onClick={[Function]}
    >
      👏
    </li>
    <li
      onClick={[Function]}
    >
      👐
    </li>
    <li
      onClick={[Function]}
    >
      👑
    </li>
    <li
      onClick={[Function]}
    >
      👒
    </li>
    <li
      onClick={[Function]}
    >
      👓
    </li>
    <li
      onClick={[Function]}
    >
      👔
    </li>
    <li
      onClick={[Function]}
    >
      👕
    </li>
    <li
      onClick={[Function]}
    >
      👖
    </li>
    <li
      onClick={[Function]}
    >
      👗
    </li>
    <li
      onClick={[Function]}
    >
      👘
    </li>
    <li
      onClick={[Function]}
    >
      👙
    </li>
    <li
      onClick={[Function]}
    >
      👚
    </li>
    <li
      onClick={[Function]}
    >
      👛
    </li>
    <li
      onClick={[Function]}
    >
      👜
    </li>
    <li
      onClick={[Function]}
    >
      👝
    </li>
    <li
      onClick={[Function]}
    >
      👞
    </li>
    <li
      onClick={[Function]}
    >
      👟
    </li>
    <li
      onClick={[Function]}
    >
      👠
    </li>
    <li
      onClick={[Function]}
    >
      👡
    </li>
    <li
      onClick={[Function]}
    >
      👢
    </li>
    <li
      onClick={[Function]}
    >
      👣
    </li>
    <li
      onClick={[Function]}
    >
      👤
    </li>
    <li
      onClick={[Function]}
    >
      👥
    </li>
    <li
      onClick={[Function]}
    >
      👦
    </li>
    <li
      onClick={[Function]}
    >
      👧
    </li>
    <li
      onClick={[Function]}
    >
      👨
    </li>
    <li
      onClick={[Function]}
    >
      👩
    </li>
    <li
      onClick={[Function]}
    >
      👪
    </li>
    <li
      onClick={[Function]}
    >
      👫
    </li>
    <li
      onClick={[Function]}
    >
      👬
    </li>
    <li
      onClick={[Function]}
    >
      👭
    </li>
    <li
      onClick={[Function]}
    >
      👮
    </li>
    <li
      onClick={[Function]}
    >
      👯
    </li>
    <li
      onClick={[Function]}
    >
      👰
    </li>
    <li
      onClick={[Function]}
    >
      👱
    </li>
    <li
      onClick={[Function]}
    >
      👲
    </li>
    <li
      onClick={[Function]}
    >
      👳
    </li>
    <li
      onClick={[Function]}
    >
      👴
    </li>
    <li
      onClick={[Function]}
    >
      👵
    </li>
    <li
      onClick={[Function]}
    >
      👶
    </li>
    <li
      onClick={[Function]}
    >
      👷
    </li>
    <li
      onClick={[Function]}
    >
      👸
    </li>
    <li
      onClick={[Function]}
    >
      👹
    </li>
    <li
      onClick={[Function]}
    >
      👺
    </li>
    <li
      onClick={[Function]}
    >
      👻
    </li>
    <li
      onClick={[Function]}
    >
      👼
    </li>
    <li
      onClick={[Function]}
    >
      👽
    </li>
    <li
      onClick={[Function]}
    >
      👾
    </li>
    <li
      onClick={[Function]}
    >
      👿
    </li>
    <li
      onClick={[Function]}
    >
      💀
    </li>
    <li
      onClick={[Function]}
    >
      💁
    </li>
    <li
      onClick={[Function]}
    >
      💂
    </li>
    <li
      onClick={[Function]}
    >
      💃
    </li>
    <li
      onClick={[Function]}
    >
      💄
    </li>
    <li
      onClick={[Function]}
    >
      💅
    </li>
    <li
      onClick={[Function]}
    >
      💆
    </li>
    <li
      onClick={[Function]}
    >
      💇
    </li>
    <li
      onClick={[Function]}
    >
      💈
    </li>
    <li
      onClick={[Function]}
    >
      💉
    </li>
    <li
      onClick={[Function]}
    >
      💊
    </li>
    <li
      onClick={[Function]}
    >
      💋
    </li>
    <li
      onClick={[Function]}
    >
      💌
    </li>
    <li
      onClick={[Function]}
    >
      💍
    </li>
    <li
      onClick={[Function]}
    >
      💎
    </li>
    <li
      onClick={[Function]}
    >
      💏
    </li>
    <li
      onClick={[Function]}
    >
      💐
    </li>
    <li
      onClick={[Function]}
    >
      💑
    </li>
    <li
      onClick={[Function]}
    >
      💒
    </li>
    <li
      onClick={[Function]}
    >
      💓
    </li>
    <li
      onClick={[Function]}
    >
      💔
    </li>
    <li
      onClick={[Function]}
    >
      💕
    </li>
    <li
      onClick={[Function]}
    >
      💖
    </li>
    <li
      onClick={[Function]}
    >
      💗
    </li>
    <li
      onClick={[Function]}
    >
      💘
    </li>
    <li
      onClick={[Function]}
    >
      💙
    </li>
    <li
      onClick={[Function]}
    >
      💚
    </li>
    <li
      onClick={[Function]}
    >
      💛
    </li>
    <li
      onClick={[Function]}
    >
      💜
    </li>
    <li
      onClick={[Function]}
    >
      💝
    </li>
    <li
      onClick={[Function]}
    >
      💞
    </li>
    <li
      onClick={[Function]}
    >
      💟
    </li>
    <li
      onClick={[Function]}
    >
      💠
    </li>
    <li
      onClick={[Function]}
    >
      💡
    </li>
    <li
      onClick={[Function]}
    >
      💢
    </li>
    <li
      onClick={[Function]}
    >
      💣
    </li>
    <li
      onClick={[Function]}
    >
      💤
    </li>
    <li
      onClick={[Function]}
    >
      💥
    </li>
    <li
      onClick={[Function]}
    >
      💦
    </li>
    <li
      onClick={[Function]}
    >
      💧
    </li>
    <li
      onClick={[Function]}
    >
      💨
    </li>
    <li
      onClick={[Function]}
    >
      💩
    </li>
    <li
      onClick={[Function]}
    >
      💪
    </li>
    <li
      onClick={[Function]}
    >
      💫
    </li>
    <li
      onClick={[Function]}
    >
      💬
    </li>
    <li
      onClick={[Function]}
    >
      💭
    </li>
    <li
      onClick={[Function]}
    >
      💮
    </li>
    <li
      onClick={[Function]}
    >
      💯
    </li>
    <li
      onClick={[Function]}
    >
      💰
    </li>
    <li
      onClick={[Function]}
    >
      💱
    </li>
    <li
      onClick={[Function]}
    >
      💲
    </li>
    <li
      onClick={[Function]}
    >
      💳
    </li>
    <li
      onClick={[Function]}
    >
      💴
    </li>
    <li
      onClick={[Function]}
    >
      💵
    </li>
    <li
      onClick={[Function]}
    >
      💶
    </li>
    <li
      onClick={[Function]}
    >
      💷
    </li>
    <li
      onClick={[Function]}
    >
      💸
    </li>
    <li
      onClick={[Function]}
    >
      💹
    </li>
    <li
      onClick={[Function]}
    >
      💺
    </li>
    <li
      onClick={[Function]}
    >
      💻
    </li>
    <li
      onClick={[Function]}
    >
      💼
    </li>
    <li
      onClick={[Function]}
    >
      💽
    </li>
    <li
      onClick={[Function]}
    >
      💾
    </li>
    <li
      onClick={[Function]}
    >
      💿
    </li>
    <li
      onClick={[Function]}
    >
      📀
    </li>
    <li
      onClick={[Function]}
    >
      📁
    </li>
    <li
      onClick={[Function]}
    >
      📂
    </li>
    <li
      onClick={[Function]}
    >
      📃
    </li>
    <li
      onClick={[Function]}
    >
      📄
    </li>
    <li
      onClick={[Function]}
    >
      📅
    </li>
    <li
      onClick={[Function]}
    >
      📆
    </li>
    <li
      onClick={[Function]}
    >
      📇
    </li>
    <li
      onClick={[Function]}
    >
      📈
    </li>
    <li
      onClick={[Function]}
    >
      📉
    </li>
    <li
      onClick={[Function]}
    >
      📊
    </li>
    <li
      onClick={[Function]}
    >
      📋
    </li>
    <li
      onClick={[Function]}
    >
      📌
    </li>
    <li
      onClick={[Function]}
    >
      📍
    </li>
    <li
      onClick={[Function]}
    >
      📎
    </li>
    <li
      onClick={[Function]}
    >
      📏
    </li>
    <li
      onClick={[Function]}
    >
      📐
    </li>
    <li
      onClick={[Function]}
    >
      📑
    </li>
    <li
      onClick={[Function]}
    >
      📒
    </li>
    <li
      onClick={[Function]}
    >
      📓
    </li>
    <li
      onClick={[Function]}
    >
      📔
    </li>
    <li
      onClick={[Function]}
    >
      📕
    </li>
    <li
      onClick={[Function]}
    >
      📖
    </li>
    <li
      onClick={[Function]}
    >
      📗
    </li>
    <li
      onClick={[Function]}
    >
      📘
    </li>
    <li
      onClick={[Function]}
    >
      📙
    </li>
    <li
      onClick={[Function]}
    >
      📚
    </li>
    <li
      onClick={[Function]}
    >
      📛
    </li>
    <li
      onClick={[Function]}
    >
      📜
    </li>
    <li
      onClick={[Function]}
    >
      📝
    </li>
    <li
      onClick={[Function]}
    >
      📞
    </li>
    <li
      onClick={[Function]}
    >
      📟
    </li>
    <li
      onClick={[Function]}
    >
      📠
    </li>
    <li
      onClick={[Function]}
    >
      📡
    </li>
    <li
      onClick={[Function]}
    >
      📢
    </li>
    <li
      onClick={[Function]}
    >
      📣
    </li>
    <li
      onClick={[Function]}
    >
      📤
    </li>
    <li
      onClick={[Function]}
    >
      📥
    </li>
    <li
      onClick={[Function]}
    >
      📦
    </li>
    <li
      onClick={[Function]}
    >
      📧
    </li>
    <li
      onClick={[Function]}
    >
      📨
    </li>
    <li
      onClick={[Function]}
    >
      📩
    </li>
    <li
      onClick={[Function]}
    >
      📪
    </li>
    <li
      onClick={[Function]}
    >
      📫
    </li>
    <li
      onClick={[Function]}
    >
      📬
    </li>
    <li
      onClick={[Function]}
    >
      📭
    </li>
    <li
      onClick={[Function]}
    >
      📮
    </li>
    <li
      onClick={[Function]}
    >
      📯
    </li>
    <li
      onClick={[Function]}
    >
      📰
    </li>
    <li
      onClick={[Function]}
    >
      📱
    </li>
    <li
      onClick={[Function]}
    >
      📲
    </li>
    <li
      onClick={[Function]}
    >
      📳
    </li>
    <li
      onClick={[Function]}
    >
      📴
    </li>
    <li
      onClick={[Function]}
    >
      📵
    </li>
    <li
      onClick={[Function]}
    >
      📶
    </li>
    <li
      onClick={[Function]}
    >
      📷
    </li>
    <li
      onClick={[Function]}
    >
      📹
    </li>
    <li
      onClick={[Function]}
    >
      📺
    </li>
    <li
      onClick={[Function]}
    >
      📻
    </li>
    <li
      onClick={[Function]}
    >
      📼
    </li>
    <li
      onClick={[Function]}
    >
      🔀
    </li>
    <li
      onClick={[Function]}
    >
      🔁
    </li>
    <li
      onClick={[Function]}
    >
      🔂
    </li>
    <li
      onClick={[Function]}
    >
      🔃
    </li>
    <li
      onClick={[Function]}
    >
      🔄
    </li>
    <li
      onClick={[Function]}
    >
      🔅
    </li>
    <li
      onClick={[Function]}
    >
      🔆
    </li>
    <li
      onClick={[Function]}
    >
      🔇
    </li>
    <li
      onClick={[Function]}
    >
      🔈
    </li>
    <li
      onClick={[Function]}
    >
      🔉
    </li>
    <li
      onClick={[Function]}
    >
      🔊
    </li>
    <li
      onClick={[Function]}
    >
      🔋
    </li>
    <li
      onClick={[Function]}
    >
      🔌
    </li>
    <li
      onClick={[Function]}
    >
      🔍
    </li>
    <li
      onClick={[Function]}
    >
      🔎
    </li>
    <li
      onClick={[Function]}
    >
      🔏
    </li>
    <li
      onClick={[Function]}
    >
      🔐
    </li>
    <li
      onClick={[Function]}
    >
      🔑
    </li>
    <li
      onClick={[Function]}
    >
      🔒
    </li>
    <li
      onClick={[Function]}
    >
      🔓
    </li>
    <li
      onClick={[Function]}
    >
      🔔
    </li>
    <li
      onClick={[Function]}
    >
      🔕
    </li>
    <li
      onClick={[Function]}
    >
      🔖
    </li>
    <li
      onClick={[Function]}
    >
      🔗
    </li>
    <li
      onClick={[Function]}
    >
      🔘
    </li>
    <li
      onClick={[Function]}
    >
      🔙
    </li>
    <li
      onClick={[Function]}
    >
      🔚
    </li>
    <li
      onClick={[Function]}
    >
      🔛
    </li>
    <li
      onClick={[Function]}
    >
      🔜
    </li>
    <li
      onClick={[Function]}
    >
      🔝
    </li>
    <li
      onClick={[Function]}
    >
      🔞
    </li>
    <li
      onClick={[Function]}
    >
      🔟
    </li>
    <li
      onClick={[Function]}
    >
      🔠
    </li>
    <li
      onClick={[Function]}
    >
      🔡
    </li>
    <li
      onClick={[Function]}
    >
      🔢
    </li>
    <li
      onClick={[Function]}
    >
      🔣
    </li>
    <li
      onClick={[Function]}
    >
      🔤
    </li>
    <li
      onClick={[Function]}
    >
      🔥
    </li>
    <li
      onClick={[Function]}
    >
      🔦
    </li>
    <li
      onClick={[Function]}
    >
      🔧
    </li>
    <li
      onClick={[Function]}
    >
      🔨
    </li>
    <li
      onClick={[Function]}
    >
      🔩
    </li>
    <li
      onClick={[Function]}
    >
      🔪
    </li>
    <li
      onClick={[Function]}
    >
      🔫
    </li>
    <li
      onClick={[Function]}
    >
      🔬
    </li>
    <li
      onClick={[Function]}
    >
      🔭
    </li>
    <li
      onClick={[Function]}
    >
      🔮
    </li>
    <li
      onClick={[Function]}
    >
      🔯
    </li>
    <li
      onClick={[Function]}
    >
      🔰
    </li>
    <li
      onClick={[Function]}
    >
      🔱
    </li>
    <li
      onClick={[Function]}
    >
      🔲
    </li>
    <li
      onClick={[Function]}
    >
      🔳
    </li>
    <li
      onClick={[Function]}
    >
      🔴
    </li>
    <li
      onClick={[Function]}
    >
      🔵
    </li>
    <li
      onClick={[Function]}
    >
      🔶
    </li>
    <li
      onClick={[Function]}
    >
      🔷
    </li>
    <li
      onClick={[Function]}
    >
      🔸
    </li>
    <li
      onClick={[Function]}
    >
      🔹
    </li>
    <li
      onClick={[Function]}
    >
      🔺
    </li>
    <li
      onClick={[Function]}
    >
      🔻
    </li>
    <li
      onClick={[Function]}
    >
      🔼
    </li>
    <li
      onClick={[Function]}
    >
      🔽
    </li>
    <li
      onClick={[Function]}
    >
      🕐
    </li>
    <li
      onClick={[Function]}
    >
      🕑
    </li>
    <li
      onClick={[Function]}
    >
      🕒
    </li>
    <li
      onClick={[Function]}
    >
      🕓
    </li>
    <li
      onClick={[Function]}
    >
      🕔
    </li>
    <li
      onClick={[Function]}
    >
      🕕
    </li>
    <li
      onClick={[Function]}
    >
      🕖
    </li>
    <li
      onClick={[Function]}
    >
      🕗
    </li>
    <li
      onClick={[Function]}
    >
      🕘
    </li>
    <li
      onClick={[Function]}
    >
      🕙
    </li>
    <li
      onClick={[Function]}
    >
      🕚
    </li>
    <li
      onClick={[Function]}
    >
      🕛
    </li>
    <li
      onClick={[Function]}
    >
      🕜
    </li>
    <li
      onClick={[Function]}
    >
      🕝
    </li>
    <li
      onClick={[Function]}
    >
      🕞
    </li>
    <li
      onClick={[Function]}
    >
      🕟
    </li>
    <li
      onClick={[Function]}
    >
      🕠
    </li>
    <li
      onClick={[Function]}
    >
      🕡
    </li>
    <li
      onClick={[Function]}
    >
      🕢
    </li>
    <li
      onClick={[Function]}
    >
      🕣
    </li>
    <li
      onClick={[Function]}
    >
      🕤
    </li>
    <li
      onClick={[Function]}
    >
      🕥
    </li>
    <li
      onClick={[Function]}
    >
      🕦
    </li>
    <li
      onClick={[Function]}
    >
      🕧
    </li>
    <li
      onClick={[Function]}
    >
      🗻
    </li>
    <li
      onClick={[Function]}
    >
      🗼
    </li>
    <li
      onClick={[Function]}
    >
      🗽
    </li>
    <li
      onClick={[Function]}
    >
      🗾
    </li>
    <li
      onClick={[Function]}
    >
      🗿
    </li>
    <li
      onClick={[Function]}
    >
      🚀
    </li>
    <li
      onClick={[Function]}
    >
      🚁
    </li>
    <li
      onClick={[Function]}
    >
      🚂
    </li>
    <li
      onClick={[Function]}
    >
      🚃
    </li>
    <li
      onClick={[Function]}
    >
      🚄
    </li>
    <li
      onClick={[Function]}
    >
      🚅
    </li>
    <li
      onClick={[Function]}
    >
      🚆
    </li>
    <li
      onClick={[Function]}
    >
      🚇
    </li>
    <li
      onClick={[Function]}
    >
      🚈
    </li>
    <li
      onClick={[Function]}
    >
      🚉
    </li>
    <li
      onClick={[Function]}
    >
      🚊
    </li>
    <li
      onClick={[Function]}
    >
      🚋
    </li>
    <li
      onClick={[Function]}
    >
      🚌
    </li>
    <li
      onClick={[Function]}
    >
      🚍
    </li>
    <li
      onClick={[Function]}
    >
      🚎
    </li>
    <li
      onClick={[Function]}
    >
      🚏
    </li>
    <li
      onClick={[Function]}
    >
      🚐
    </li>
    <li
      onClick={[Function]}
    >
      🚑
    </li>
    <li
      onClick={[Function]}
    >
      🚒
    </li>
    <li
      onClick={[Function]}
    >
      🚓
    </li>
    <li
      onClick={[Function]}
    >
      🚔
    </li>
    <li
      onClick={[Function]}
    >
      🚕
    </li>
    <li
      onClick={[Function]}
    >
      🚖
    </li>
    <li
      onClick={[Function]}
    >
      🚗
    </li>
    <li
      onClick={[Function]}
    >
      🚘
    </li>
    <li
      onClick={[Function]}
    >
      🚙
    </li>
    <li
      onClick={[Function]}
    >
      🚚
    </li>
    <li
      onClick={[Function]}
    >
      🚛
    </li>
    <li
      onClick={[Function]}
    >
      🚜
    </li>
    <li
      onClick={[Function]}
    >
      🚝
    </li>
    <li
      onClick={[Function]}
    >
      🚞
    </li>
    <li
      onClick={[Function]}
    >
      🚟
    </li>
    <li
      onClick={[Function]}
    >
      🚠
    </li>
    <li
      onClick={[Function]}
    >
      🚡
    </li>
    <li
      onClick={[Function]}
    >
      🚢
    </li>
    <li
      onClick={[Function]}
    >
      🚣
    </li>
    <li
      onClick={[Function]}
    >
      🚤
    </li>
    <li
      onClick={[Function]}
    >
      🚥
    </li>
    <li
      onClick={[Function]}
    >
      🚦
    </li>
    <li
      onClick={[Function]}
    >
      🚧
    </li>
    <li
      onClick={[Function]}
    >
      🚨
    </li>
    <li
      onClick={[Function]}
    >
      🚩
    </li>
    <li
      onClick={[Function]}
    >
      🚪
    </li>
    <li
      onClick={[Function]}
    >
      🚫
    </li>
    <li
      onClick={[Function]}
    >
      🚬
    </li>
    <li
      onClick={[Function]}
    >
      🚭
    </li>
    <li
      onClick={[Function]}
    >
      🚮
    </li>
    <li
      onClick={[Function]}
    >
      🚯
    </li>
    <li
      onClick={[Function]}
    >
      🚰
    </li>
    <li
      onClick={[Function]}
    >
      🚱
    </li>
    <li
      onClick={[Function]}
    >
      🚲
    </li>
    <li
      onClick={[Function]}
    >
      🚳
    </li>
    <li
      onClick={[Function]}
    >
      🚴
    </li>
    <li
      onClick={[Function]}
    >
      🚵
    </li>
    <li
      onClick={[Function]}
    >
      🚶
    </li>
    <li
      onClick={[Function]}
    >
      🚷
    </li>
    <li
      onClick={[Function]}
    >
      🚸
    </li>
    <li
      onClick={[Function]}
    >
      🚹
    </li>
    <li
      onClick={[Function]}
    >
      🚺
    </li>
    <li
      onClick={[Function]}
    >
      🚻
    </li>
    <li
      onClick={[Function]}
    >
      🚼
    </li>
    <li
      onClick={[Function]}
    >
      🚽
    </li>
    <li
      onClick={[Function]}
    >
      🚾
    </li>
    <li
      onClick={[Function]}
    >
      🚿
    </li>
    <li
      onClick={[Function]}
    >
      🛀
    </li>
    <li
      onClick={[Function]}
    >
      🛁
    </li>
    <li
      onClick={[Function]}
    >
      🛂
    </li>
    <li
      onClick={[Function]}
    >
      🛃
    </li>
    <li
      onClick={[Function]}
    >
      🛄
    </li>
    <li
      onClick={[Function]}
    >
      🛅
    </li>
    <li
      onClick={[Function]}
    >
      ™
    </li>
    <li
      onClick={[Function]}
    >
      ℹ
    </li>
    <li
      onClick={[Function]}
    >
      ⌚
    </li>
    <li
      onClick={[Function]}
    >
      ⏩
    </li>
    <li
      onClick={[Function]}
    >
      ⏪
    </li>
    <li
      onClick={[Function]}
    >
      ⏫
    </li>
    <li
      onClick={[Function]}
    >
      ⏬
    </li>
    <li
      onClick={[Function]}
    >
      ⏰
    </li>
    <li
      onClick={[Function]}
    >
      ⏳
    </li>
    <li
      onClick={[Function]}
    >
      ☀
    </li>
    <li
      onClick={[Function]}
    >
      ☁
    </li>
    <li
      onClick={[Function]}
    >
      ☎
    </li>
    <li
      onClick={[Function]}
    >
      ☑
    </li>
    <li
      onClick={[Function]}
    >
      ☔
    </li>
    <li
      onClick={[Function]}
    >
      ☕
    </li>
    <li
      onClick={[Function]}
    >
      ☝
    </li>
    <li
      onClick={[Function]}
    >
      ☺
    </li>
    <li
      onClick={[Function]}
    >
      ♈
    </li>
    <li
      onClick={[Function]}
    >
      ♉
    </li>
    <li
      onClick={[Function]}
    >
      ♊
    </li>
    <li
      onClick={[Function]}
    >
      ♋
    </li>
    <li
      onClick={[Function]}
    >
      ♌
    </li>
    <li
      onClick={[Function]}
    >
      ♍
    </li>
    <li
      onClick={[Function]}
    >
      ♎
    </li>
    <li
      onClick={[Function]}
    >
      ♏
    </li>
    <li
      onClick={[Function]}
    >
      ♐
    </li>
    <li
      onClick={[Function]}
    >
      ♑
    </li>
    <li
      onClick={[Function]}
    >
      ♒
    </li>
    <li
      onClick={[Function]}
    >
      ♓
    </li>
    <li
      onClick={[Function]}
    >
      ⚽
    </li>
    <li
      onClick={[Function]}
    >
      ⚾
    </li>
    <li
      onClick={[Function]}
    >
      ⛄
    </li>
    <li
      onClick={[Function]}
    >
      ⛅
    </li>
    <li
      onClick={[Function]}
    >
      ⛎
    </li>
    <li
      onClick={[Function]}
    >
      ⛔
    </li>
    <li
      onClick={[Function]}
    >
      ©
    </li>
    <li
      onClick={[Function]}
    >
      ®
    </li>
  </ul>
</div>
`;
