// Jest Snapshot v1, https://goo.gl/fbAQLP

exports[`Emojis component should match snapshot of Emojis Component 1`] = `
<div
  className="emoji"
  style={
    Object {
      "left": 40,
      "top": 10,
    }
  }
>
  <div
    className="emoji_wrapper"
    style={
      Object {
        "height": "300px",
        "overflow": "hidden",
        "position": "relative",
        "width": "100%",
      }
    }
  >
    <div
      style={
        Object {
          "WebkitOverflowScrolling": "touch",
          "bottom": 0,
          "left": 0,
          "marginBottom": 0,
          "marginRight": 0,
          "overflow": "scroll",
          "position": "absolute",
          "right": 0,
          "top": 0,
        }
      }
    >
      <div
        className="emoji_all"
        style={
          Object {
            "left": null,
          }
        }
      >
        <ul>
          <li
            onClick={[Function]}
          >
            😀
          </li>
          <li
            onClick={[Function]}
          >
            😁
          </li>
          <li
            onClick={[Function]}
          >
            😂
          </li>
          <li
            onClick={[Function]}
          >
            😃
          </li>
          <li
            onClick={[Function]}
          >
            😄
          </li>
          <li
            onClick={[Function]}
          >
            😅
          </li>
          <li
            onClick={[Function]}
          >
            😆
          </li>
          <li
            onClick={[Function]}
          >
            😇
          </li>
          <li
            onClick={[Function]}
          >
            😈
          </li>
          <li
            onClick={[Function]}
          >
            😉
          </li>
          <li
            onClick={[Function]}
          >
            😊
          </li>
          <li
            onClick={[Function]}
          >
            😋
          </li>
          <li
            onClick={[Function]}
          >
            😌
          </li>
          <li
            onClick={[Function]}
          >
            😍
          </li>
          <li
            onClick={[Function]}
          >
            😎
          </li>
          <li
            onClick={[Function]}
          >
            😏
          </li>
          <li
            onClick={[Function]}
          >
            😐
          </li>
          <li
            onClick={[Function]}
          >
            😑
          </li>
          <li
            onClick={[Function]}
          >
            😒
          </li>
          <li
            onClick={[Function]}
          >
            😓
          </li>
          <li
            onClick={[Function]}
          >
            😔
          </li>
          <li
            onClick={[Function]}
          >
            😕
          </li>
          <li
            onClick={[Function]}
          >
            😖
          </li>
          <li
            onClick={[Function]}
          >
            😗
          </li>
          <li
            onClick={[Function]}
          >
            😘
          </li>
          <li
            onClick={[Function]}
          >
            😙
          </li>
          <li
            onClick={[Function]}
          >
            😚
          </li>
          <li
            onClick={[Function]}
          >
            😛
          </li>
          <li
            onClick={[Function]}
          >
            😜
          </li>
          <li
            onClick={[Function]}
          >
            😝
          </li>
          <li
            onClick={[Function]}
          >
            😞
          </li>
          <li
            onClick={[Function]}
          >
            😟
          </li>
          <li
            onClick={[Function]}
          >
            😠
          </li>
          <li
            onClick={[Function]}
          >
            😡
          </li>
          <li
            onClick={[Function]}
          >
            😢
          </li>
          <li
            onClick={[Function]}
          >
            😣
          </li>
          <li
            onClick={[Function]}
          >
            😤
          </li>
          <li
            onClick={[Function]}
          >
            😥
          </li>
          <li
            onClick={[Function]}
          >
            😦
          </li>
          <li
            onClick={[Function]}
          >
            😧
          </li>
          <li
            onClick={[Function]}
          >
            😨
          </li>
          <li
            onClick={[Function]}
          >
            😩
          </li>
          <li
            onClick={[Function]}
          >
            😪
          </li>
          <li
            onClick={[Function]}
          >
            😫
          </li>
          <li
            onClick={[Function]}
          >
            😬
          </li>
          <li
            onClick={[Function]}
          >
            😭
          </li>
          <li
            onClick={[Function]}
          >
            😮
          </li>
          <li
            onClick={[Function]}
          >
            😯
          </li>
          <li
            onClick={[Function]}
          >
            😰
          </li>
          <li
            onClick={[Function]}
          >
            😱
          </li>
          <li
            onClick={[Function]}
          >
            😲
          </li>
          <li
            onClick={[Function]}
          >
            😳
          </li>
          <li
            onClick={[Function]}
          >
            😴
          </li>
          <li
            onClick={[Function]}
          >
            😵
          </li>
          <li
            onClick={[Function]}
          >
            😶
          </li>
          <li
            onClick={[Function]}
          >
            😷
          </li>
          <li
            onClick={[Function]}
          >
            😸
          </li>
          <li
            onClick={[Function]}
          >
            😹
          </li>
          <li
            onClick={[Function]}
          >
            😺
          </li>
          <li
            onClick={[Function]}
          >
            😻
          </li>
          <li
            onClick={[Function]}
          >
            😼
          </li>
          <li
            onClick={[Function]}
          >
            😽
          </li>
          <li
            onClick={[Function]}
          >
            😾
          </li>
          <li
            onClick={[Function]}
          >
            😿
          </li>
          <li
            onClick={[Function]}
          >
            🙀
          </li>
          <li
            onClick={[Function]}
          >
            🙁
          </li>
          <li
            onClick={[Function]}
          >
            🙂
          </li>
          <li
            onClick={[Function]}
          >
            🙅
          </li>
          <li
            onClick={[Function]}
          >
            🙆
          </li>
          <li
            onClick={[Function]}
          >
            🙇
          </li>
          <li
            onClick={[Function]}
          >
            🙈
          </li>
          <li
            onClick={[Function]}
          >
            🙉
          </li>
          <li
            onClick={[Function]}
          >
            🙊
          </li>
          <li
            onClick={[Function]}
          >
            🙋
          </li>
          <li
            onClick={[Function]}
          >
            🙌
          </li>
          <li
            onClick={[Function]}
          >
            🙍
          </li>
          <li
            onClick={[Function]}
          >
            🙎
          </li>
          <li
            onClick={[Function]}
          >
            🙏
          </li>
          <li
            onClick={[Function]}
          >
            🆘
          </li>
          <li
            onClick={[Function]}
          >
            🆙
          </li>
          <li
            onClick={[Function]}
          >
            🆚
          </li>
          <li
            onClick={[Function]}
          >
            🇦
          </li>
          <li
            onClick={[Function]}
          >
            🇧
          </li>
          <li
            onClick={[Function]}
          >
            🇨🇳
          </li>
          <li
            onClick={[Function]}
          >
            🇨
          </li>
          <li
            onClick={[Function]}
          >
            🇩🇪
          </li>
          <li
            onClick={[Function]}
          >
            🇩
          </li>
          <li
            onClick={[Function]}
          >
            🇪🇸
          </li>
          <li
            onClick={[Function]}
          >
            🇪
          </li>
          <li
            onClick={[Function]}
          >
            🇫🇷
          </li>
          <li
            onClick={[Function]}
          >
            🇫
          </li>
          <li
            onClick={[Function]}
          >
            🇬🇧
          </li>
          <li
            onClick={[Function]}
          >
            🇬
          </li>
          <li
            onClick={[Function]}
          >
            🇭
          </li>
          <li
            onClick={[Function]}
          >
            🇮🇹
          </li>
          <li
            onClick={[Function]}
          >
            🇮
          </li>
          <li
            onClick={[Function]}
          >
            🇯🇵
          </li>
          <li
            onClick={[Function]}
          >
            🇯
          </li>
          <li
            onClick={[Function]}
          >
            🇰🇷
          </li>
          <li
            onClick={[Function]}
          >
            🇰
          </li>
          <li
            onClick={[Function]}
          >
            🇱
          </li>
          <li
            onClick={[Function]}
          >
            🇲
          </li>
          <li
            onClick={[Function]}
          >
            🇳
          </li>
          <li
            onClick={[Function]}
          >
            🇴
          </li>
          <li
            onClick={[Function]}
          >
            🇵
          </li>
          <li
            onClick={[Function]}
          >
            🇶
          </li>
          <li
            onClick={[Function]}
          >
            🇷🇺
          </li>
          <li
            onClick={[Function]}
          >
            🇷
          </li>
          <li
            onClick={[Function]}
          >
            🇸
          </li>
          <li
            onClick={[Function]}
          >
            🇹
          </li>
          <li
            onClick={[Function]}
          >
            🇺🇸
          </li>
          <li
            onClick={[Function]}
          >
            🇺
          </li>
          <li
            onClick={[Function]}
          >
            🇻
          </li>
          <li
            onClick={[Function]}
          >
            🇼
          </li>
          <li
            onClick={[Function]}
          >
            🇽
          </li>
          <li
            onClick={[Function]}
          >
            🇾
          </li>
          <li
            onClick={[Function]}
          >
            🇿
          </li>
          <li
            onClick={[Function]}
          >
            🈁
          </li>
          <li
            onClick={[Function]}
          >
            🈂
          </li>
          <li
            onClick={[Function]}
          >
            🈚
          </li>
          <li
            onClick={[Function]}
          >
            🈯
          </li>
          <li
            onClick={[Function]}
          >
            🈲
          </li>
          <li
            onClick={[Function]}
          >
            🈳
          </li>
          <li
            onClick={[Function]}
          >
            🈴
          </li>
          <li
            onClick={[Function]}
          >
            🈵
          </li>
          <li
            onClick={[Function]}
          >
            🈶
          </li>
          <li
            onClick={[Function]}
          >
            🈷
          </li>
          <li
            onClick={[Function]}
          >
            🈸
          </li>
          <li
            onClick={[Function]}
          >
            🈹
          </li>
          <li
            onClick={[Function]}
          >
            🈺
          </li>
          <li
            onClick={[Function]}
          >
            🉐
          </li>
          <li
            onClick={[Function]}
          >
            🉑
          </li>
          <li
            onClick={[Function]}
          >
            🌀
          </li>
          <li
            onClick={[Function]}
          >
            🌁
          </li>
          <li
            onClick={[Function]}
          >
            🌂
          </li>
          <li
            onClick={[Function]}
          >
            🌃
          </li>
          <li
            onClick={[Function]}
          >
            🌄
          </li>
          <li
            onClick={[Function]}
          >
            🌅
          </li>
          <li
            onClick={[Function]}
          >
            🌆
          </li>
          <li
            onClick={[Function]}
          >
            🌇
          </li>
          <li
            onClick={[Function]}
          >
            🌈
          </li>
          <li
            onClick={[Function]}
          >
            🌉
          </li>
          <li
            onClick={[Function]}
          >
            🌊
          </li>
          <li
            onClick={[Function]}
          >
            🌋
          </li>
          <li
            onClick={[Function]}
          >
            🌌
          </li>
          <li
            onClick={[Function]}
          >
            🌍
          </li>
          <li
            onClick={[Function]}
          >
            🌎
          </li>
          <li
            onClick={[Function]}
          >
            🌏
          </li>
          <li
            onClick={[Function]}
          >
            🌐
          </li>
          <li
            onClick={[Function]}
          >
            🌑
          </li>
          <li
            onClick={[Function]}
          >
            🌒
          </li>
          <li
            onClick={[Function]}
          >
            🌓
          </li>
          <li
            onClick={[Function]}
          >
            🌔
          </li>
          <li
            onClick={[Function]}
          >
            🌕
          </li>
          <li
            onClick={[Function]}
          >
            🌖
          </li>
          <li
            onClick={[Function]}
          >
            🌗
          </li>
          <li
            onClick={[Function]}
          >
            🌘
          </li>
          <li
            onClick={[Function]}
          >
            🌙
          </li>
          <li
            onClick={[Function]}
          >
            🌚
          </li>
          <li
            onClick={[Function]}
          >
            🌛
          </li>
          <li
            onClick={[Function]}
          >
            🌜
          </li>
          <li
            onClick={[Function]}
          >
            🌝
          </li>
          <li
            onClick={[Function]}
          >
            🌞
          </li>
          <li
            onClick={[Function]}
          >
            🌟
          </li>
          <li
            onClick={[Function]}
          >
            🌠
          </li>
          <li
            onClick={[Function]}
          >
            🌰
          </li>
          <li
            onClick={[Function]}
          >
            🌱
          </li>
          <li
            onClick={[Function]}
          >
            🌲
          </li>
          <li
            onClick={[Function]}
          >
            🌳
          </li>
          <li
            onClick={[Function]}
          >
            🌴
          </li>
          <li
            onClick={[Function]}
          >
            🌵
          </li>
          <li
            onClick={[Function]}
          >
            🌷
          </li>
          <li
            onClick={[Function]}
          >
            🌸
          </li>
          <li
            onClick={[Function]}
          >
            🌹
          </li>
          <li
            onClick={[Function]}
          >
            🌺
          </li>
          <li
            onClick={[Function]}
          >
            🌻
          </li>
          <li
            onClick={[Function]}
          >
            🌼
          </li>
          <li
            onClick={[Function]}
          >
            🌽
          </li>
          <li
            onClick={[Function]}
          >
            🌾
          </li>
          <li
            onClick={[Function]}
          >
            🌿
          </li>
          <li
            onClick={[Function]}
          >
            🍀
          </li>
          <li
            onClick={[Function]}
          >
            🍁
          </li>
          <li
            onClick={[Function]}
          >
            🍂
          </li>
          <li
            onClick={[Function]}
          >
            🍃
          </li>
          <li
            onClick={[Function]}
          >
            🍄
          </li>
          <li
            onClick={[Function]}
          >
            🍅
          </li>
          <li
            onClick={[Function]}
          >
            🍆
          </li>
          <li
            onClick={[Function]}
          >
            🍇
          </li>
          <li
            onClick={[Function]}
          >
            🍈
          </li>
          <li
            onClick={[Function]}
          >
            🍉
          </li>
          <li
            onClick={[Function]}
          >
            🍊
          </li>
          <li
            onClick={[Function]}
          >
            🍋
          </li>
          <li
            onClick={[Function]}
          >
            🍌
          </li>
          <li
            onClick={[Function]}
          >
            🍍
          </li>
          <li
            onClick={[Function]}
          >
            🍎
          </li>
          <li
            onClick={[Function]}
          >
            🍏
          </li>
          <li
            onClick={[Function]}
          >
            🍐
          </li>
          <li
            onClick={[Function]}
          >
            🍑
          </li>
          <li
            onClick={[Function]}
          >
            🍒
          </li>
          <li
            onClick={[Function]}
          >
            🍓
          </li>
          <li
            onClick={[Function]}
          >
            🍔
          </li>
          <li
            onClick={[Function]}
          >
            🍕
          </li>
          <li
            onClick={[Function]}
          >
            🍖
          </li>
          <li
            onClick={[Function]}
          >
            🍗
          </li>
          <li
            onClick={[Function]}
          >
            🍘
          </li>
          <li
            onClick={[Function]}
          >
            🍙
          </li>
          <li
            onClick={[Function]}
          >
            🍚
          </li>
          <li
            onClick={[Function]}
          >
            🍛
          </li>
          <li
            onClick={[Function]}
          >
            🍜
          </li>
          <li
            onClick={[Function]}
          >
            🍝
          </li>
          <li
            onClick={[Function]}
          >
            🍞
          </li>
          <li
            onClick={[Function]}
          >
            🍟
          </li>
          <li
            onClick={[Function]}
          >
            🍠
          </li>
          <li
            onClick={[Function]}
          >
            🍡
          </li>
          <li
            onClick={[Function]}
          >
            🍢
          </li>
          <li
            onClick={[Function]}
          >
            🍣
          </li>
          <li
            onClick={[Function]}
          >
            🍤
          </li>
          <li
            onClick={[Function]}
          >
            🍥
          </li>
          <li
            onClick={[Function]}
          >
            🍦
          </li>
          <li
            onClick={[Function]}
          >
            🍧
          </li>
          <li
            onClick={[Function]}
          >
            🍨
          </li>
          <li
            onClick={[Function]}
          >
            🍩
          </li>
          <li
            onClick={[Function]}
          >
            🍪
          </li>
          <li
            onClick={[Function]}
          >
            🍫
          </li>
          <li
            onClick={[Function]}
          >
            🍬
          </li>
          <li
            onClick={[Function]}
          >
            🍭
          </li>
          <li
            onClick={[Function]}
          >
            🍮
          </li>
          <li
            onClick={[Function]}
          >
            🍯
          </li>
          <li
            onClick={[Function]}
          >
            🍰
          </li>
          <li
            onClick={[Function]}
          >
            🍱
          </li>
          <li
            onClick={[Function]}
          >
            🍲
          </li>
          <li
            onClick={[Function]}
          >
            🍳
          </li>
          <li
            onClick={[Function]}
          >
            🍴
          </li>
          <li
            onClick={[Function]}
          >
            🍵
          </li>
          <li
            onClick={[Function]}
          >
            🍶
          </li>
          <li
            onClick={[Function]}
          >
            🍷
          </li>
          <li
            onClick={[Function]}
          >
            🍸
          </li>
          <li
            onClick={[Function]}
          >
            🍹
          </li>
          <li
            onClick={[Function]}
          >
            🍺
          </li>
          <li
            onClick={[Function]}
          >
            🍻
          </li>
          <li
            onClick={[Function]}
          >
            🍼
          </li>
          <li
            onClick={[Function]}
          >
            🎀
          </li>
          <li
            onClick={[Function]}
          >
            🎁
          </li>
          <li
            onClick={[Function]}
          >
            🎂
          </li>
          <li
            onClick={[Function]}
          >
            🎃
          </li>
          <li
            onClick={[Function]}
          >
            🎄
          </li>
          <li
            onClick={[Function]}
          >
            🎅
          </li>
          <li
            onClick={[Function]}
          >
            🎆
          </li>
          <li
            onClick={[Function]}
          >
            🎇
          </li>
          <li
            onClick={[Function]}
          >
            🎈
          </li>
          <li
            onClick={[Function]}
          >
            🎉
          </li>
          <li
            onClick={[Function]}
          >
            🎊
          </li>
          <li
            onClick={[Function]}
          >
            🎋
          </li>
          <li
            onClick={[Function]}
          >
            🎌
          </li>
          <li
            onClick={[Function]}
          >
            🎍
          </li>
          <li
            onClick={[Function]}
          >
            🎎
          </li>
          <li
            onClick={[Function]}
          >
            🎏
          </li>
          <li
            onClick={[Function]}
          >
            🎐
          </li>
          <li
            onClick={[Function]}
          >
            🎑
          </li>
          <li
            onClick={[Function]}
          >
            🎒
          </li>
          <li
            onClick={[Function]}
          >
            🎓
          </li>
          <li
            onClick={[Function]}
          >
            🎠
          </li>
          <li
            onClick={[Function]}
          >
            🎡
          </li>
          <li
            onClick={[Function]}
          >
            🎢
          </li>
          <li
            onClick={[Function]}
          >
            🎣
          </li>
          <li
            onClick={[Function]}
          >
            🎤
          </li>
          <li
            onClick={[Function]}
          >
            🎥
          </li>
          <li
            onClick={[Function]}
          >
            🎦
          </li>
          <li
            onClick={[Function]}
          >
            🎧
          </li>
          <li
            onClick={[Function]}
          >
            🎨
          </li>
          <li
            onClick={[Function]}
          >
            🎩
          </li>
          <li
            onClick={[Function]}
          >
            🎪
          </li>
          <li
            onClick={[Function]}
          >
            🎫
          </li>
          <li
            onClick={[Function]}
          >
            🎬
          </li>
          <li
            onClick={[Function]}
          >
            🎭
          </li>
          <li
            onClick={[Function]}
          >
            🎮
          </li>
          <li
            onClick={[Function]}
          >
            🎯
          </li>
          <li
            onClick={[Function]}
          >
            🎰
          </li>
          <li
            onClick={[Function]}
          >
            🎱
          </li>
          <li
            onClick={[Function]}
          >
            🎲
          </li>
          <li
            onClick={[Function]}
          >
            🎳
          </li>
          <li
            onClick={[Function]}
          >
            🎴
          </li>
          <li
            onClick={[Function]}
          >
            🎵
          </li>
          <li
            onClick={[Function]}
          >
            🎶
          </li>
          <li
            onClick={[Function]}
          >
            🎷
          </li>
          <li
            onClick={[Function]}
          >
            🎸
          </li>
          <li
            onClick={[Function]}
          >
            🎹
          </li>
          <li
            onClick={[Function]}
          >
            🎺
          </li>
          <li
            onClick={[Function]}
          >
            🎻
          </li>
          <li
            onClick={[Function]}
          >
            🎼
          </li>
          <li
            onClick={[Function]}
          >
            🎽
          </li>
          <li
            onClick={[Function]}
          >
            🎾
          </li>
          <li
            onClick={[Function]}
          >
            🎿
          </li>
          <li
            onClick={[Function]}
          >
            🏀
          </li>
          <li
            onClick={[Function]}
          >
            🏁
          </li>
          <li
            onClick={[Function]}
          >
            🏂
          </li>
          <li
            onClick={[Function]}
          >
            🏃
          </li>
          <li
            onClick={[Function]}
          >
            🏄
          </li>
          <li
            onClick={[Function]}
          >
            🏆
          </li>
          <li
            onClick={[Function]}
          >
            🏇
          </li>
          <li
            onClick={[Function]}
          >
            🏈
          </li>
          <li
            onClick={[Function]}
          >
            🏉
          </li>
          <li
            onClick={[Function]}
          >
            🏊
          </li>
          <li
            onClick={[Function]}
          >
            🏠
          </li>
          <li
            onClick={[Function]}
          >
            🏡
          </li>
          <li
            onClick={[Function]}
          >
            🏢
          </li>
          <li
            onClick={[Function]}
          >
            🏣
          </li>
          <li
            onClick={[Function]}
          >
            🏤
          </li>
          <li
            onClick={[Function]}
          >
            🏥
          </li>
          <li
            onClick={[Function]}
          >
            🏦
          </li>
          <li
            onClick={[Function]}
          >
            🏧
          </li>
          <li
            onClick={[Function]}
          >
            🏨
          </li>
          <li
            onClick={[Function]}
          >
            🏩
          </li>
          <li
            onClick={[Function]}
          >
            🏪
          </li>
          <li
            onClick={[Function]}
          >
            🏫
          </li>
          <li
            onClick={[Function]}
          >
            🏬
          </li>
          <li
            onClick={[Function]}
          >
            🏭
          </li>
          <li
            onClick={[Function]}
          >
            🏮
          </li>
          <li
            onClick={[Function]}
          >
            🏯
          </li>
          <li
            onClick={[Function]}
          >
            🏰
          </li>
          <li
            onClick={[Function]}
          >
            🐀
          </li>
          <li
            onClick={[Function]}
          >
            🐁
          </li>
          <li
            onClick={[Function]}
          >
            🐂
          </li>
          <li
            onClick={[Function]}
          >
            🐃
          </li>
          <li
            onClick={[Function]}
          >
            🐄
          </li>
          <li
            onClick={[Function]}
          >
            🐅
          </li>
          <li
            onClick={[Function]}
          >
            🐆
          </li>
          <li
            onClick={[Function]}
          >
            🐇
          </li>
          <li
            onClick={[Function]}
          >
            🐈
          </li>
          <li
            onClick={[Function]}
          >
            🐉
          </li>
          <li
            onClick={[Function]}
          >
            🐊
          </li>
          <li
            onClick={[Function]}
          >
            🐋
          </li>
          <li
            onClick={[Function]}
          >
            🐌
          </li>
          <li
            onClick={[Function]}
          >
            🐍
          </li>
          <li
            onClick={[Function]}
          >
            🐎
          </li>
          <li
            onClick={[Function]}
          >
            🐏
          </li>
          <li
            onClick={[Function]}
          >
            🐐
          </li>
          <li
            onClick={[Function]}
          >
            🐑
          </li>
          <li
            onClick={[Function]}
          >
            🐒
          </li>
          <li
            onClick={[Function]}
          >
            🐓
          </li>
          <li
            onClick={[Function]}
          >
            🐔
          </li>
          <li
            onClick={[Function]}
          >
            🐕
          </li>
          <li
            onClick={[Function]}
          >
            🐖
          </li>
          <li
            onClick={[Function]}
          >
            🐗
          </li>
          <li
            onClick={[Function]}
          >
            🐘
          </li>
          <li
            onClick={[Function]}
          >
            🐙
          </li>
          <li
            onClick={[Function]}
          >
            🐚
          </li>
          <li
            onClick={[Function]}
          >
            🐛
          </li>
          <li
            onClick={[Function]}
          >
            🐜
          </li>
          <li
            onClick={[Function]}
          >
            🐝
          </li>
          <li
            onClick={[Function]}
          >
            🐞
          </li>
          <li
            onClick={[Function]}
          >
            🐟
          </li>
          <li
            onClick={[Function]}
          >
            🐠
          </li>
          <li
            onClick={[Function]}
          >
            🐡
          </li>
          <li
            onClick={[Function]}
          >
            🐢
          </li>
          <li
            onClick={[Function]}
          >
            🐣
          </li>
          <li
            onClick={[Function]}
          >
            🐤
          </li>
          <li
            onClick={[Function]}
          >
            🐥
          </li>
          <li
            onClick={[Function]}
          >
            🐦
          </li>
          <li
            onClick={[Function]}
          >
            🐧
          </li>
          <li
            onClick={[Function]}
          >
            🐨
          </li>
          <li
            onClick={[Function]}
          >
            🐩
          </li>
          <li
            onClick={[Function]}
          >
            🐪
          </li>
          <li
            onClick={[Function]}
          >
            🐫
          </li>
          <li
            onClick={[Function]}
          >
            🐬
          </li>
          <li
            onClick={[Function]}
          >
            🐭
          </li>
          <li
            onClick={[Function]}
          >
            🐮
          </li>
          <li
            onClick={[Function]}
          >
            🐯
          </li>
          <li
            onClick={[Function]}
          >
            🐰
          </li>
          <li
            onClick={[Function]}
          >
            🐱
          </li>
          <li
            onClick={[Function]}
          >
            🐲
          </li>
          <li
            onClick={[Function]}
          >
            🐳
          </li>
          <li
            onClick={[Function]}
          >
            🐴
          </li>
          <li
            onClick={[Function]}
          >
            🐵
          </li>
          <li
            onClick={[Function]}
          >
            🐶
          </li>
          <li
            onClick={[Function]}
          >
            🐷
          </li>
          <li
            onClick={[Function]}
          >
            🐸
          </li>
          <li
            onClick={[Function]}
          >
            🐹
          </li>
          <li
            onClick={[Function]}
          >
            🐺
          </li>
          <li
            onClick={[Function]}
          >
            🐻
          </li>
          <li
            onClick={[Function]}
          >
            🐼
          </li>
          <li
            onClick={[Function]}
          >
            🐽
          </li>
          <li
            onClick={[Function]}
          >
            🐾
          </li>
          <li
            onClick={[Function]}
          >
            👀
          </li>
          <li
            onClick={[Function]}
          >
            👂
          </li>
          <li
            onClick={[Function]}
          >
            👃
          </li>
          <li
            onClick={[Function]}
          >
            👄
          </li>
          <li
            onClick={[Function]}
          >
            👅
          </li>
          <li
            onClick={[Function]}
          >
            👆
          </li>
          <li
            onClick={[Function]}
          >
            👇
          </li>
          <li
            onClick={[Function]}
          >
            👈
          </li>
          <li
            onClick={[Function]}
          >
            👉
          </li>
          <li
            onClick={[Function]}
          >
            👊
          </li>
          <li
            onClick={[Function]}
          >
            👋
          </li>
          <li
            onClick={[Function]}
          >
            👌
          </li>
          <li
            onClick={[Function]}
          >
            👍
          </li>
          <li
            onClick={[Function]}
          >
            👎
          </li>
          <li
            onClick={[Function]}
          >
            👏
          </li>
          <li
            onClick={[Function]}
          >
            👐
          </li>
          <li
            onClick={[Function]}
          >
            👑
          </li>
          <li
            onClick={[Function]}
          >
            👒
          </li>
          <li
            onClick={[Function]}
          >
            👓
          </li>
          <li
            onClick={[Function]}
          >
            👔
          </li>
          <li
            onClick={[Function]}
          >
            👕
          </li>
          <li
            onClick={[Function]}
          >
            👖
          </li>
          <li
            onClick={[Function]}
          >
            👗
          </li>
          <li
            onClick={[Function]}
          >
            👘
          </li>
          <li
            onClick={[Function]}
          >
            👙
          </li>
          <li
            onClick={[Function]}
          >
            👚
          </li>
          <li
            onClick={[Function]}
          >
            👛
          </li>
          <li
            onClick={[Function]}
          >
            👜
          </li>
          <li
            onClick={[Function]}
          >
            👝
          </li>
          <li
            onClick={[Function]}
          >
            👞
          </li>
          <li
            onClick={[Function]}
          >
            👟
          </li>
          <li
            onClick={[Function]}
          >
            👠
          </li>
          <li
            onClick={[Function]}
          >
            👡
          </li>
          <li
            onClick={[Function]}
          >
            👢
          </li>
          <li
            onClick={[Function]}
          >
            👣
          </li>
          <li
            onClick={[Function]}
          >
            👤
          </li>
          <li
            onClick={[Function]}
          >
            👥
          </li>
          <li
            onClick={[Function]}
          >
            👦
          </li>
          <li
            onClick={[Function]}
          >
            👧
          </li>
          <li
            onClick={[Function]}
          >
            👨
          </li>
          <li
            onClick={[Function]}
          >
            👩
          </li>
          <li
            onClick={[Function]}
          >
            👪
          </li>
          <li
            onClick={[Function]}
          >
            👫
          </li>
          <li
            onClick={[Function]}
          >
            👬
          </li>
          <li
            onClick={[Function]}
          >
            👭
          </li>
          <li
            onClick={[Function]}
          >
            👮
          </li>
          <li
            onClick={[Function]}
          >
            👯
          </li>
          <li
            onClick={[Function]}
          >
            👰
          </li>
          <li
            onClick={[Function]}
          >
            👱
          </li>
          <li
            onClick={[Function]}
          >
            👲
          </li>
          <li
            onClick={[Function]}
          >
            👳
          </li>
          <li
            onClick={[Function]}
          >
            👴
          </li>
          <li
            onClick={[Function]}
          >
            👵
          </li>
          <li
            onClick={[Function]}
          >
            👶
          </li>
          <li
            onClick={[Function]}
          >
            👷
          </li>
          <li
            onClick={[Function]}
          >
            👸
          </li>
          <li
            onClick={[Function]}
          >
            👹
          </li>
          <li
            onClick={[Function]}
          >
            👺
          </li>
          <li
            onClick={[Function]}
          >
            👻
          </li>
          <li
            onClick={[Function]}
          >
            👼
          </li>
          <li
            onClick={[Function]}
          >
            👽
          </li>
          <li
            onClick={[Function]}
          >
            👾
          </li>
          <li
            onClick={[Function]}
          >
            👿
          </li>
          <li
            onClick={[Function]}
          >
            💀
          </li>
          <li
            onClick={[Function]}
          >
            💁
          </li>
          <li
            onClick={[Function]}
          >
            💂
          </li>
          <li
            onClick={[Function]}
          >
            💃
          </li>
          <li
            onClick={[Function]}
          >
            💄
          </li>
          <li
            onClick={[Function]}
          >
            💅
          </li>
          <li
            onClick={[Function]}
          >
            💆
          </li>
          <li
            onClick={[Function]}
          >
            💇
          </li>
          <li
            onClick={[Function]}
          >
            💈
          </li>
          <li
            onClick={[Function]}
          >
            💉
          </li>
          <li
            onClick={[Function]}
          >
            💊
          </li>
          <li
            onClick={[Function]}
          >
            💋
          </li>
          <li
            onClick={[Function]}
          >
            💌
          </li>
          <li
            onClick={[Function]}
          >
            💍
          </li>
          <li
            onClick={[Function]}
          >
            💎
          </li>
          <li
            onClick={[Function]}
          >
            💏
          </li>
          <li
            onClick={[Function]}
          >
            💐
          </li>
          <li
            onClick={[Function]}
          >
            💑
          </li>
          <li
            onClick={[Function]}
          >
            💒
          </li>
          <li
            onClick={[Function]}
          >
            💓
          </li>
          <li
            onClick={[Function]}
          >
            💔
          </li>
          <li
            onClick={[Function]}
          >
            💕
          </li>
          <li
            onClick={[Function]}
          >
            💖
          </li>
          <li
            onClick={[Function]}
          >
            💗
          </li>
          <li
            onClick={[Function]}
          >
            💘
          </li>
          <li
            onClick={[Function]}
          >
            💙
          </li>
          <li
            onClick={[Function]}
          >
            💚
          </li>
          <li
            onClick={[Function]}
          >
            💛
          </li>
          <li
            onClick={[Function]}
          >
            💜
          </li>
          <li
            onClick={[Function]}
          >
            💝
          </li>
          <li
            onClick={[Function]}
          >
            💞
          </li>
          <li
            onClick={[Function]}
          >
            💟
          </li>
          <li
            onClick={[Function]}
          >
            💠
          </li>
          <li
            onClick={[Function]}
          >
            💡
          </li>
          <li
            onClick={[Function]}
          >
            💢
          </li>
          <li
            onClick={[Function]}
          >
            💣
          </li>
          <li
            onClick={[Function]}
          >
            💤
          </li>
          <li
            onClick={[Function]}
          >
            💥
          </li>
          <li
            onClick={[Function]}
          >
            💦
          </li>
          <li
            onClick={[Function]}
          >
            💧
          </li>
          <li
            onClick={[Function]}
          >
            💨
          </li>
          <li
            onClick={[Function]}
          >
            💩
          </li>
          <li
            onClick={[Function]}
          >
            💪
          </li>
          <li
            onClick={[Function]}
          >
            💫
          </li>
          <li
            onClick={[Function]}
          >
            💬
          </li>
          <li
            onClick={[Function]}
          >
            💭
          </li>
          <li
            onClick={[Function]}
          >
            💮
          </li>
          <li
            onClick={[Function]}
          >
            💯
          </li>
          <li
            onClick={[Function]}
          >
            💰
          </li>
          <li
            onClick={[Function]}
          >
            💱
          </li>
          <li
            onClick={[Function]}
          >
            💲
          </li>
          <li
            onClick={[Function]}
          >
            💳
          </li>
          <li
            onClick={[Function]}
          >
            💴
          </li>
          <li
            onClick={[Function]}
          >
            💵
          </li>
          <li
            onClick={[Function]}
          >
            💶
          </li>
          <li
            onClick={[Function]}
          >
            💷
          </li>
          <li
            onClick={[Function]}
          >
            💸
          </li>
          <li
            onClick={[Function]}
          >
            💹
          </li>
          <li
            onClick={[Function]}
          >
            💺
          </li>
          <li
            onClick={[Function]}
          >
            💻
          </li>
          <li
            onClick={[Function]}
          >
            💼
          </li>
          <li
            onClick={[Function]}
          >
            💽
          </li>
          <li
            onClick={[Function]}
          >
            💾
          </li>
          <li
            onClick={[Function]}
          >
            💿
          </li>
          <li
            onClick={[Function]}
          >
            📀
          </li>
          <li
            onClick={[Function]}
          >
            📁
          </li>
          <li
            onClick={[Function]}
          >
            📂
          </li>
          <li
            onClick={[Function]}
          >
            📃
          </li>
          <li
            onClick={[Function]}
          >
            📄
          </li>
          <li
            onClick={[Function]}
          >
            📅
          </li>
          <li
            onClick={[Function]}
          >
            📆
          </li>
          <li
            onClick={[Function]}
          >
            📇
          </li>
          <li
            onClick={[Function]}
          >
            📈
          </li>
          <li
            onClick={[Function]}
          >
            📉
          </li>
          <li
            onClick={[Function]}
          >
            📊
          </li>
          <li
            onClick={[Function]}
          >
            📋
          </li>
          <li
            onClick={[Function]}
          >
            📌
          </li>
          <li
            onClick={[Function]}
          >
            📍
          </li>
          <li
            onClick={[Function]}
          >
            📎
          </li>
          <li
            onClick={[Function]}
          >
            📏
          </li>
          <li
            onClick={[Function]}
          >
            📐
          </li>
          <li
            onClick={[Function]}
          >
            📑
          </li>
          <li
            onClick={[Function]}
          >
            📒
          </li>
          <li
            onClick={[Function]}
          >
            📓
          </li>
          <li
            onClick={[Function]}
          >
            📔
          </li>
          <li
            onClick={[Function]}
          >
            📕
          </li>
          <li
            onClick={[Function]}
          >
            📖
          </li>
          <li
            onClick={[Function]}
          >
            📗
          </li>
          <li
            onClick={[Function]}
          >
            📘
          </li>
          <li
            onClick={[Function]}
          >
            📙
          </li>
          <li
            onClick={[Function]}
          >
            📚
          </li>
          <li
            onClick={[Function]}
          >
            📛
          </li>
          <li
            onClick={[Function]}
          >
            📜
          </li>
          <li
            onClick={[Function]}
          >
            📝
          </li>
          <li
            onClick={[Function]}
          >
            📞
          </li>
          <li
            onClick={[Function]}
          >
            📟
          </li>
          <li
            onClick={[Function]}
          >
            📠
          </li>
          <li
            onClick={[Function]}
          >
            📡
          </li>
          <li
            onClick={[Function]}
          >
            📢
          </li>
          <li
            onClick={[Function]}
          >
            📣
          </li>
          <li
            onClick={[Function]}
          >
            📤
          </li>
          <li
            onClick={[Function]}
          >
            📥
          </li>
          <li
            onClick={[Function]}
          >
            📦
          </li>
          <li
            onClick={[Function]}
          >
            📧
          </li>
          <li
            onClick={[Function]}
          >
            📨
          </li>
          <li
            onClick={[Function]}
          >
            📩
          </li>
          <li
            onClick={[Function]}
          >
            📪
          </li>
          <li
            onClick={[Function]}
          >
            📫
          </li>
          <li
            onClick={[Function]}
          >
            📬
          </li>
          <li
            onClick={[Function]}
          >
            📭
          </li>
          <li
            onClick={[Function]}
          >
            📮
          </li>
          <li
            onClick={[Function]}
          >
            📯
          </li>
          <li
            onClick={[Function]}
          >
            📰
          </li>
          <li
            onClick={[Function]}
          >
            📱
          </li>
          <li
            onClick={[Function]}
          >
            📲
          </li>
          <li
            onClick={[Function]}
          >
            📳
          </li>
          <li
            onClick={[Function]}
          >
            📴
          </li>
          <li
            onClick={[Function]}
          >
            📵
          </li>
          <li
            onClick={[Function]}
          >
            📶
          </li>
          <li
            onClick={[Function]}
          >
            📷
          </li>
          <li
            onClick={[Function]}
          >
            📹
          </li>
          <li
            onClick={[Function]}
          >
            📺
          </li>
          <li
            onClick={[Function]}
          >
            📻
          </li>
          <li
            onClick={[Function]}
          >
            📼
          </li>
          <li
            onClick={[Function]}
          >
            🔀
          </li>
          <li
            onClick={[Function]}
          >
            🔁
          </li>
          <li
            onClick={[Function]}
          >
            🔂
          </li>
          <li
            onClick={[Function]}
          >
            🔃
          </li>
          <li
            onClick={[Function]}
          >
            🔄
          </li>
          <li
            onClick={[Function]}
          >
            🔅
          </li>
          <li
            onClick={[Function]}
          >
            🔆
          </li>
          <li
            onClick={[Function]}
          >
            🔇
          </li>
          <li
            onClick={[Function]}
          >
            🔈
          </li>
          <li
            onClick={[Function]}
          >
            🔉
          </li>
          <li
            onClick={[Function]}
          >
            🔊
          </li>
          <li
            onClick={[Function]}
          >
            🔋
          </li>
          <li
            onClick={[Function]}
          >
            🔌
          </li>
          <li
            onClick={[Function]}
          >
            🔍
          </li>
          <li
            onClick={[Function]}
          >
            🔎
          </li>
          <li
            onClick={[Function]}
          >
            🔏
          </li>
          <li
            onClick={[Function]}
          >
            🔐
          </li>
          <li
            onClick={[Function]}
          >
            🔑
          </li>
          <li
            onClick={[Function]}
          >
            🔒
          </li>
          <li
            onClick={[Function]}
          >
            🔓
          </li>
          <li
            onClick={[Function]}
          >
            🔔
          </li>
          <li
            onClick={[Function]}
          >
            🔕
          </li>
          <li
            onClick={[Function]}
          >
            🔖
          </li>
          <li
            onClick={[Function]}
          >
            🔗
          </li>
          <li
            onClick={[Function]}
          >
            🔘
          </li>
          <li
            onClick={[Function]}
          >
            🔙
          </li>
          <li
            onClick={[Function]}
          >
            🔚
          </li>
          <li
            onClick={[Function]}
          >
            🔛
          </li>
          <li
            onClick={[Function]}
          >
            🔜
          </li>
          <li
            onClick={[Function]}
          >
            🔝
          </li>
          <li
            onClick={[Function]}
          >
            🔞
          </li>
          <li
            onClick={[Function]}
          >
            🔟
          </li>
          <li
            onClick={[Function]}
          >
            🔠
          </li>
          <li
            onClick={[Function]}
          >
            🔡
          </li>
          <li
            onClick={[Function]}
          >
            🔢
          </li>
          <li
            onClick={[Function]}
          >
            🔣
          </li>
          <li
            onClick={[Function]}
          >
            🔤
          </li>
          <li
            onClick={[Function]}
          >
            🔥
          </li>
          <li
            onClick={[Function]}
          >
            🔦
          </li>
          <li
            onClick={[Function]}
          >
            🔧
          </li>
          <li
            onClick={[Function]}
          >
            🔨
          </li>
          <li
            onClick={[Function]}
          >
            🔩
          </li>
          <li
            onClick={[Function]}
          >
            🔪
          </li>
          <li
            onClick={[Function]}
          >
            🔫
          </li>
          <li
            onClick={[Function]}
          >
            🔬
          </li>
          <li
            onClick={[Function]}
          >
            🔭
          </li>
          <li
            onClick={[Function]}
          >
            🔮
          </li>
          <li
            onClick={[Function]}
          >
            🔯
          </li>
          <li
            onClick={[Function]}
          >
            🔰
          </li>
          <li
            onClick={[Function]}
          >
            🔱
          </li>
          <li
            onClick={[Function]}
          >
            🔲
          </li>
          <li
            onClick={[Function]}
          >
            🔳
          </li>
          <li
            onClick={[Function]}
          >
            🔴
          </li>
          <li
            onClick={[Function]}
          >
            🔵
          </li>
          <li
            onClick={[Function]}
          >
            🔶
          </li>
          <li
            onClick={[Function]}
          >
            🔷
          </li>
          <li
            onClick={[Function]}
          >
            🔸
          </li>
          <li
            onClick={[Function]}
          >
            🔹
          </li>
          <li
            onClick={[Function]}
          >
            🔺
          </li>
          <li
            onClick={[Function]}
          >
            🔻
          </li>
          <li
            onClick={[Function]}
          >
            🔼
          </li>
          <li
            onClick={[Function]}
          >
            🔽
          </li>
          <li
            onClick={[Function]}
          >
            🕐
          </li>
          <li
            onClick={[Function]}
          >
            🕑
          </li>
          <li
            onClick={[Function]}
          >
            🕒
          </li>
          <li
            onClick={[Function]}
          >
            🕓
          </li>
          <li
            onClick={[Function]}
          >
            🕔
          </li>
          <li
            onClick={[Function]}
          >
            🕕
          </li>
          <li
            onClick={[Function]}
          >
            🕖
          </li>
          <li
            onClick={[Function]}
          >
            🕗
          </li>
          <li
            onClick={[Function]}
          >
            🕘
          </li>
          <li
            onClick={[Function]}
          >
            🕙
          </li>
          <li
            onClick={[Function]}
          >
            🕚
          </li>
          <li
            onClick={[Function]}
          >
            🕛
          </li>
          <li
            onClick={[Function]}
          >
            🕜
          </li>
          <li
            onClick={[Function]}
          >
            🕝
          </li>
          <li
            onClick={[Function]}
          >
            🕞
          </li>
          <li
            onClick={[Function]}
          >
            🕟
          </li>
          <li
            onClick={[Function]}
          >
            🕠
          </li>
          <li
            onClick={[Function]}
          >
            🕡
          </li>
          <li
            onClick={[Function]}
          >
            🕢
          </li>
          <li
            onClick={[Function]}
          >
            🕣
          </li>
          <li
            onClick={[Function]}
          >
            🕤
          </li>
          <li
            onClick={[Function]}
          >
            🕥
          </li>
          <li
            onClick={[Function]}
          >
            🕦
          </li>
          <li
            onClick={[Function]}
          >
            🕧
          </li>
          <li
            onClick={[Function]}
          >
            🗻
          </li>
          <li
            onClick={[Function]}
          >
            🗼
          </li>
          <li
            onClick={[Function]}
          >
            🗽
          </li>
          <li
            onClick={[Function]}
          >
            🗾
          </li>
          <li
            onClick={[Function]}
          >
            🗿
          </li>
          <li
            onClick={[Function]}
          >
            🚀
          </li>
          <li
            onClick={[Function]}
          >
            🚁
          </li>
          <li
            onClick={[Function]}
          >
            🚂
          </li>
          <li
            onClick={[Function]}
          >
            🚃
          </li>
          <li
            onClick={[Function]}
          >
            🚄
          </li>
          <li
            onClick={[Function]}
          >
            🚅
          </li>
          <li
            onClick={[Function]}
          >
            🚆
          </li>
          <li
            onClick={[Function]}
          >
            🚇
          </li>
          <li
            onClick={[Function]}
          >
            🚈
          </li>
          <li
            onClick={[Function]}
          >
            🚉
          </li>
          <li
            onClick={[Function]}
          >
            🚊
          </li>
          <li
            onClick={[Function]}
          >
            🚋
          </li>
          <li
            onClick={[Function]}
          >
            🚌
          </li>
          <li
            onClick={[Function]}
          >
            🚍
          </li>
          <li
            onClick={[Function]}
          >
            🚎
          </li>
          <li
            onClick={[Function]}
          >
            🚏
          </li>
          <li
            onClick={[Function]}
          >
            🚐
          </li>
          <li
            onClick={[Function]}
          >
            🚑
          </li>
          <li
            onClick={[Function]}
          >
            🚒
          </li>
          <li
            onClick={[Function]}
          >
            🚓
          </li>
          <li
            onClick={[Function]}
          >
            🚔
          </li>
          <li
            onClick={[Function]}
          >
            🚕
          </li>
          <li
            onClick={[Function]}
          >
            🚖
          </li>
          <li
            onClick={[Function]}
          >
            🚗
          </li>
          <li
            onClick={[Function]}
          >
            🚘
          </li>
          <li
            onClick={[Function]}
          >
            🚙
          </li>
          <li
            onClick={[Function]}
          >
            🚚
          </li>
          <li
            onClick={[Function]}
          >
            🚛
          </li>
          <li
            onClick={[Function]}
          >
            🚜
          </li>
          <li
            onClick={[Function]}
          >
            🚝
          </li>
          <li
            onClick={[Function]}
          >
            🚞
          </li>
          <li
            onClick={[Function]}
          >
            🚟
          </li>
          <li
            onClick={[Function]}
          >
            🚠
          </li>
          <li
            onClick={[Function]}
          >
            🚡
          </li>
          <li
            onClick={[Function]}
          >
            🚢
          </li>
          <li
            onClick={[Function]}
          >
            🚣
          </li>
          <li
            onClick={[Function]}
          >
            🚤
          </li>
          <li
            onClick={[Function]}
          >
            🚥
          </li>
          <li
            onClick={[Function]}
          >
            🚦
          </li>
          <li
            onClick={[Function]}
          >
            🚧
          </li>
          <li
            onClick={[Function]}
          >
            🚨
          </li>
          <li
            onClick={[Function]}
          >
            🚩
          </li>
          <li
            onClick={[Function]}
          >
            🚪
          </li>
          <li
            onClick={[Function]}
          >
            🚫
          </li>
          <li
            onClick={[Function]}
          >
            🚬
          </li>
          <li
            onClick={[Function]}
          >
            🚭
          </li>
          <li
            onClick={[Function]}
          >
            🚮
          </li>
          <li
            onClick={[Function]}
          >
            🚯
          </li>
          <li
            onClick={[Function]}
          >
            🚰
          </li>
          <li
            onClick={[Function]}
          >
            🚱
          </li>
          <li
            onClick={[Function]}
          >
            🚲
          </li>
          <li
            onClick={[Function]}
          >
            🚳
          </li>
          <li
            onClick={[Function]}
          >
            🚴
          </li>
          <li
            onClick={[Function]}
          >
            🚵
          </li>
          <li
            onClick={[Function]}
          >
            🚶
          </li>
          <li
            onClick={[Function]}
          >
            🚷
          </li>
          <li
            onClick={[Function]}
          >
            🚸
          </li>
          <li
            onClick={[Function]}
          >
            🚹
          </li>
          <li
            onClick={[Function]}
          >
            🚺
          </li>
          <li
            onClick={[Function]}
          >
            🚻
          </li>
          <li
            onClick={[Function]}
          >
            🚼
          </li>
          <li
            onClick={[Function]}
          >
            🚽
          </li>
          <li
            onClick={[Function]}
          >
            🚾
          </li>
          <li
            onClick={[Function]}
          >
            🚿
          </li>
          <li
            onClick={[Function]}
          >
            🛀
          </li>
          <li
            onClick={[Function]}
          >
            🛁
          </li>
          <li
            onClick={[Function]}
          >
            🛂
          </li>
          <li
            onClick={[Function]}
          >
            🛃
          </li>
          <li
            onClick={[Function]}
          >
            🛄
          </li>
          <li
            onClick={[Function]}
          >
            🛅
          </li>
          <li
            onClick={[Function]}
          >
            ™
          </li>
          <li
            onClick={[Function]}
          >
            ℹ
          </li>
          <li
            onClick={[Function]}
          >
            ⌚
          </li>
          <li
            onClick={[Function]}
          >
            ⏩
          </li>
          <li
            onClick={[Function]}
          >
            ⏪
          </li>
          <li
            onClick={[Function]}
          >
            ⏫
          </li>
          <li
            onClick={[Function]}
          >
            ⏬
          </li>
          <li
            onClick={[Function]}
          >
            ⏰
          </li>
          <li
            onClick={[Function]}
          >
            ⏳
          </li>
          <li
            onClick={[Function]}
          >
            ☀
          </li>
          <li
            onClick={[Function]}
          >
            ☁
          </li>
          <li
            onClick={[Function]}
          >
            ☎
          </li>
          <li
            onClick={[Function]}
          >
            ☑
          </li>
          <li
            onClick={[Function]}
          >
            ☔
          </li>
          <li
            onClick={[Function]}
          >
            ☕
          </li>
          <li
            onClick={[Function]}
          >
            ☝
          </li>
          <li
            onClick={[Function]}
          >
            ☺
          </li>
          <li
            onClick={[Function]}
          >
            ♈
          </li>
          <li
            onClick={[Function]}
          >
            ♉
          </li>
          <li
            onClick={[Function]}
          >
            ♊
          </li>
          <li
            onClick={[Function]}
          >
            ♋
          </li>
          <li
            onClick={[Function]}
          >
            ♌
          </li>
          <li
            onClick={[Function]}
          >
            ♍
          </li>
          <li
            onClick={[Function]}
          >
            ♎
          </li>
          <li
            onClick={[Function]}
          >
            ♏
          </li>
          <li
            onClick={[Function]}
          >
            ♐
          </li>
          <li
            onClick={[Function]}
          >
            ♑
          </li>
          <li
            onClick={[Function]}
          >
            ♒
          </li>
          <li
            onClick={[Function]}
          >
            ♓
          </li>
          <li
            onClick={[Function]}
          >
            ⚽
          </li>
          <li
            onClick={[Function]}
          >
            ⚾
          </li>
          <li
            onClick={[Function]}
          >
            ⛄
          </li>
          <li
            onClick={[Function]}
          >
            ⛅
          </li>
          <li
            onClick={[Function]}
          >
            ⛎
          </li>
          <li
            onClick={[Function]}
          >
            ⛔
          </li>
          <li
            onClick={[Function]}
          >
            ©
          </li>
          <li
            onClick={[Function]}
          >
            ®
          </li>
        </ul>
      </div>
    </div>
    <div
      style={
        Object {
          "borderRadius": 3,
          "bottom": 2,
          "display": "none",
          "height": 6,
          "left": 2,
          "position": "absolute",
          "right": 2,
        }
      }
    >
      <div
        style={
          Object {
            "backgroundColor": "rgba(0,0,0,.2)",
            "borderRadius": "inherit",
            "cursor": "pointer",
            "display": "block",
            "height": "100%",
            "position": "relative",
          }
        }
      />
    </div>
    <div
      style={
        Object {
          "borderRadius": 3,
          "bottom": 2,
          "display": "none",
          "position": "absolute",
          "right": 2,
          "top": 2,
          "width": 6,
        }
      }
    >
      <div
        style={
          Object {
            "backgroundColor": "rgba(0,0,0,.2)",
            "borderRadius": "inherit",
            "cursor": "pointer",
            "display": "block",
            "position": "relative",
            "width": "100%",
          }
        }
      />
    </div>
  </div>
</div>
`;
