// Jest Snapshot v1, https://goo.gl/fbAQLP

exports[`SideBarOptions Component should match snapshot 1`] = `
<div
  className="options nav_options"
>
  <ul>
    <li>
      <a
        href="/about"
      >
        About
      </a>
    </li>
    <li>
      <a
        href="/developer"
      >
        Developer
      </a>
    </li>
  </ul>
</div>
`;
