// Jest Snapshot v1, https://goo.gl/fbAQLP

exports[`SideBar Component should match snapshot and admin should be logged-out 1`] = `
<div
  className="m_n_wrapper"
>
  <div
    className="m_n"
  >
    <ul
      className="m_n_ul"
    >
      <li
        className="m_n_li"
      >
        <NavLink
          activeClassName="sidebar_active"
          className="m_n_a"
          exact={true}
          to="/profile/takkar"
        >
          <span
            className="m_n_text"
          >
            @takkar
          </span>
        </NavLink>
      </li>
      <li
        className="m_n_li"
      >
        <NavLink
          activeClassName="sidebar_active"
          className="m_n_a"
          exact={true}
          to="/"
        >
          <span
            className="m_n_text"
          >
            Home
          </span>
        </NavLink>
      </li>
      <li
        className="m_n_li"
      >
        <NavLink
          activeClassName="sidebar_active"
          className="m_n_a"
          exact={true}
          to="/explore"
        >
          <span
            className="m_n_text"
          >
            Explore
          </span>
        </NavLink>
      </li>
      <li
        className="m_n_li"
      >
        <NavLink
          activeClassName="sidebar_active"
          className="m_n_a"
          exact={true}
          to="/notifications"
        >
          <span
            className="m_n_text"
          >
            Notifications
          </span>
          <span
            className="m_n_new"
          >
            4
          </span>
        </NavLink>
      </li>
      <li
        className="m_n_li"
      >
        <NavLink
          activeClassName="sidebar_active"
          className="m_n_a"
          exact={true}
          to="/messages"
        >
          <span
            className="m_n_text"
          >
            Messages
          </span>
        </NavLink>
      </li>
      <li
        className="m_n_li"
      >
        <NavLink
          activeClassName="sidebar_active"
          className="m_n_a"
          exact={true}
          to="/profile/takkar/bookmarks"
        >
          <span
            className="m_n_text"
          >
            Bookmarks
          </span>
        </NavLink>
      </li>
      <li
        className="m_n_li"
      >
        <NavLink
          activeClassName="sidebar_active"
          className="m_n_a"
          exact={true}
          to="/profile/takkar/gallery"
        >
          <span
            className="m_n_text"
          >
            Gallery
          </span>
        </NavLink>
      </li>
      <li
        className="m_n_li"
      >
        <NavLink
          activeClassName="sidebar_active"
          className="m_n_a"
          exact={true}
          to="/profile/takkar/favourites"
        >
          <span
            className="m_n_text"
          >
            Favourites
          </span>
        </NavLink>
      </li>
      <li
        className="m_n_li"
      >
        <NavLink
          activeClassName="sidebar_active"
          className="m_n_a"
          exact={true}
          to="/profile/takkar/groups"
        >
          <span
            className="m_n_text"
          >
            Groups
          </span>
        </NavLink>
      </li>
      <li
        className="m_n_li"
      >
        <NavLink
          activeClassName="sidebar_active"
          className="m_n_a"
          exact={true}
          to="/profile/takkar/recommendations"
        >
          <span
            className="m_n_text"
          >
            Recommendations
          </span>
        </NavLink>
      </li>
      <li
        className="m_n_li"
      >
        <NavLink
          activeClassName="sidebar_active"
          className="m_n_a"
          exact={true}
          to="/edit-profile"
        >
          <span
            className="m_n_text"
          >
            Edit profile
          </span>
        </NavLink>
      </li>
      <li
        className="m_n_li"
      >
        <NavLink
          activeClassName="sidebar_active"
          className="m_n_a"
          exact={true}
          to="/settings"
        >
          <span
            className="m_n_text"
          >
            Settings
          </span>
        </NavLink>
      </li>
      <li>
        <NavLink
          className="m_n_a_admin"
          to="/admin-login?to=/"
        >
          Are you admin?
        </NavLink>
      </li>
    </ul>
  </div>
  <div
    className="m_n_bottom"
  >
    <ul>
      <li>
        <a
          href="/logout"
        >
          Logout
        </a>
      </li>
      <li>
        <a
          href="/help"
        >
          Help
        </a>
      </li>
      <li>
        <a
          className="toggle-sb-options"
          href="#"
          onClick={[Function]}
        >
          <i
            className="material-icons"
          >
            more_horiz
          </i>
        </a>
      </li>
    </ul>
  </div>
</div>
`;
