// Jest Snapshot v1, https://goo.gl/fbAQLP

exports[`SideBar Component should match snapshot and admin should be logged-out 1`] = `
<div
  className="m_n_wrapper"
>
  <div
    className="m_n"
  >
    <ul
      className="m_n_ul"
    >
      <li
        className="m_n_li"
      >
        <a
          aria-current={false}
          className="m_n_a"
          href="/profile/takkar"
          onClick={[Function]}
        >
          <span
            className="m_n_text"
          >
            @takkar
          </span>
        </a>
      </li>
      <li
        className="m_n_li"
      >
        <a
          aria-current="true"
          className="m_n_a sidebar_active"
          href="/"
          onClick={[Function]}
          style={Object {}}
        >
          <span
            className="m_n_text"
          >
            Home
          </span>
        </a>
      </li>
      <li
        className="m_n_li"
      >
        <a
          aria-current={false}
          className="m_n_a"
          href="/explore"
          onClick={[Function]}
        >
          <span
            className="m_n_text"
          >
            Explore
          </span>
        </a>
      </li>
      <li
        className="m_n_li"
      >
        <a
          aria-current={false}
          className="m_n_a"
          href="/notifications"
          onClick={[Function]}
        >
          <span
            className="m_n_text"
          >
            Notifications
          </span>
          <span
            className="m_n_new"
          >
            4
          </span>
        </a>
      </li>
      <li
        className="m_n_li"
      >
        <a
          aria-current={false}
          className="m_n_a"
          href="/messages"
          onClick={[Function]}
        >
          <span
            className="m_n_text"
          >
            Messages
          </span>
        </a>
      </li>
      <li
        className="m_n_li"
      >
        <a
          aria-current={false}
          className="m_n_a"
          href="/profile/takkar/bookmarks"
          onClick={[Function]}
        >
          <span
            className="m_n_text"
          >
            Bookmarks
          </span>
        </a>
      </li>
      <li
        className="m_n_li"
      >
        <a
          aria-current={false}
          className="m_n_a"
          href="/profile/takkar/gallery"
          onClick={[Function]}
        >
          <span
            className="m_n_text"
          >
            Gallery
          </span>
        </a>
      </li>
      <li
        className="m_n_li"
      >
        <a
          aria-current={false}
          className="m_n_a"
          href="/profile/takkar/favourites"
          onClick={[Function]}
        >
          <span
            className="m_n_text"
          >
            Favourites
          </span>
        </a>
      </li>
      <li
        className="m_n_li"
      >
        <a
          aria-current={false}
          className="m_n_a"
          href="/profile/takkar/groups"
          onClick={[Function]}
        >
          <span
            className="m_n_text"
          >
            Groups
          </span>
        </a>
      </li>
      <li
        className="m_n_li"
      >
        <a
          aria-current={false}
          className="m_n_a"
          href="/profile/takkar/recommendations"
          onClick={[Function]}
        >
          <span
            className="m_n_text"
          >
            Recommendations
          </span>
        </a>
      </li>
      <li
        className="m_n_li"
      >
        <a
          aria-current={false}
          className="m_n_a"
          href="/edit-profile"
          onClick={[Function]}
        >
          <span
            className="m_n_text"
          >
            Edit profile
          </span>
        </a>
      </li>
      <li
        className="m_n_li"
      >
        <a
          aria-current={false}
          className="m_n_a"
          href="/settings"
          onClick={[Function]}
        >
          <span
            className="m_n_text"
          >
            Settings
          </span>
        </a>
      </li>
      <li>
        <a
          aria-current={false}
          className="m_n_a_admin"
          href="/admin-login?to=/"
          onClick={[Function]}
        >
          Are you admin?
        </a>
      </li>
    </ul>
  </div>
  <div
    className="m_n_bottom"
  >
    <ul>
      <li>
        <a
          href="/logout"
        >
          Logout
        </a>
      </li>
      <li>
        <a
          href="/help"
        >
          Help
        </a>
      </li>
      <li>
        <a
          className="toggle-sb-options"
          href="#"
          onClick={[Function]}
        >
          <i
            className="material-icons"
          >
            more_horiz
          </i>
        </a>
      </li>
    </ul>
  </div>
</div>
`;
