// Jest Snapshot v1, https://goo.gl/fbAQLP

exports[`MemberAddedBy Component should match snapshot 1`] = `
<span
  className="recommend_by"
>
  <div>
    by 
    <Link
      to="/profile/ghalib"
    >
      ghalib
    </Link>
  </div>
</span>
`;

exports[`MemberAddedBy Component should match snapshot and display null when member is not added by anyone 1`] = `
<span
  className="recommend_by"
/>
`;
